Component: ARM Compiler 5.05 (build 41) Tool: armlink [4d0eb9]

==============================================================================

Section Cross References

    main.o(i.main) refers to bsp_init.o(i.bsp_init) for bsp_init
    main.o(i.main) refers to event_groups.o(i.xEventGroupCreate) for xEventGroupCreate
    main.o(i.main) refers to queue.o(i.xQueueGenericCreate) for xQueueGenericCreate
    main.o(i.main) refers to tasks.o(i.xTaskCreate) for xTaskCreate
    main.o(i.main) refers to tasks.o(i.vTaskStartScheduler) for vTaskStartScheduler
    main.o(i.main) refers to main.o(.data) for xGlobalEventGroup
    main.o(i.main) refers to led_task.o(i.LED_R_Task) for LED_R_Task
    main.o(i.main) refers to led_task.o(i.LED_G_Task) for LED_G_Task
    main.o(i.main) refers to imu_task.o(i.IMU_Task) for IMU_Task
    main.o(i.main) refers to gimbalctrl_task.o(i.GimabalCtrl_Task) for GimabalCtrl_Task
    main.o(i.main) refers to shooterctrl_task.o(i.ShooterCtrl_Task) for ShooterCtrl_Task
    main.o(i.main) refers to remote_task.o(i.Remote_Task) for Remote_Task
    main.o(i.main) refers to protocol_task.o(i.Protocol_Task) for Protocol_Task
    bsp_init.o(i.bsp_init) refers to misc.o(i.NVIC_PriorityGroupConfig) for NVIC_PriorityGroupConfig
    bsp_init.o(i.bsp_init) refers to led.o(i.Led_Configuration) for Led_Configuration
    bsp_init.o(i.bsp_init) refers to led.o(i.ShootKey_Configuration) for ShootKey_Configuration
    bsp_init.o(i.bsp_init) refers to bsp_can1.o(i.CAN1_ConfigInit) for CAN1_ConfigInit
    bsp_init.o(i.bsp_init) refers to bsp_can2.o(i.CAN2_ConfigInit) for CAN2_ConfigInit
    bsp_init.o(i.bsp_init) refers to bsp_timer6.o(i.TIM6_Configuration) for TIM6_Configuration
    bsp_init.o(i.bsp_init) refers to bsp_timer6.o(i.TIM6_Start) for TIM6_Start
    bsp_init.o(i.bsp_init) refers to bsp_timer12.o(i.TIM12_Configuration) for TIM12_Configuration
    bsp_init.o(i.bsp_init) refers to bsp_usart3.o(i.USART3_Configuration) for USART3_Configuration
    bsp_init.o(i.bsp_init) refers to bsp_usart1.o(i.USART1_Configuration) for USART1_Configuration
    systime.o(i.SoftTimer_Check) refers to systime.o(i.__get_PRIMASK) for __get_PRIMASK
    systime.o(i.SoftTimer_Check) refers to systime.o(i.__set_PRIMASK) for __set_PRIMASK
    systime.o(i.SoftTimer_Check) refers to systime.o(.bss) for SoftTimer
    systime.o(i.SoftTimer_Destroy) refers to systime.o(i.HardTimer_Destroy) for HardTimer_Destroy
    systime.o(i.SoftTimer_Destroy) refers to systime.o(.bss) for SoftTimer
    systime.o(i.SoftTimer_Init) refers to systime.o(i.SysTick_Init) for SysTick_Init
    systime.o(i.SoftTimer_Init) refers to systime.o(.bss) for SoftTimer
    systime.o(i.SoftTimer_Req) refers to systime.o(i.__get_PRIMASK) for __get_PRIMASK
    systime.o(i.SoftTimer_Req) refers to systime.o(i.__set_PRIMASK) for __set_PRIMASK
    systime.o(i.SoftTimer_Req) refers to systime.o(.bss) for SoftTimer
    systime.o(i.SoftTimer_UnReg) refers to systime.o(i.__get_PRIMASK) for __get_PRIMASK
    systime.o(i.SoftTimer_UnReg) refers to systime.o(i.__set_PRIMASK) for __set_PRIMASK
    systime.o(i.SoftTimer_UnReg) refers to systime.o(.bss) for SoftTimer
    systime.o(i.SoftTimer_Update) refers to systime.o(i.__get_PRIMASK) for __get_PRIMASK
    systime.o(i.SoftTimer_Update) refers to systime.o(i.__set_PRIMASK) for __set_PRIMASK
    systime.o(i.SoftTimer_Update) refers to systime.o(.bss) for SoftTimer
    systime.o(i.SysTick_Init) refers to system_stm32f4xx.o(.data) for SystemCoreClock
    systime.o(i.TimerISR_Hook) refers to systime.o(.bss) for SoftTimer
    led.o(i.Laser_Configuration) refers to stm32f4xx_rcc.o(i.RCC_AHB1PeriphClockCmd) for RCC_AHB1PeriphClockCmd
    led.o(i.Laser_Configuration) refers to stm32f4xx_gpio.o(i.GPIO_Init) for GPIO_Init
    led.o(i.Laser_Configuration) refers to stm32f4xx_gpio.o(i.GPIO_SetBits) for GPIO_SetBits
    led.o(i.Led_Configuration) refers to stm32f4xx_rcc.o(i.RCC_AHB1PeriphClockCmd) for RCC_AHB1PeriphClockCmd
    led.o(i.Led_Configuration) refers to stm32f4xx_gpio.o(i.GPIO_Init) for GPIO_Init
    led.o(i.Led_Configuration) refers to stm32f4xx_gpio.o(i.GPIO_SetBits) for GPIO_SetBits
    led.o(i.Led_Configuration) refers to led.o(i.Laser_Configuration) for Laser_Configuration
    led.o(i.ShootKey_Configuration) refers to stm32f4xx_rcc.o(i.RCC_AHB1PeriphClockCmd) for RCC_AHB1PeriphClockCmd
    led.o(i.ShootKey_Configuration) refers to stm32f4xx_gpio.o(i.GPIO_Init) for GPIO_Init
    bsp_can1.o(i.CAN1_ConfigInit) refers to stm32f4xx_rcc.o(i.RCC_AHB1PeriphClockCmd) for RCC_AHB1PeriphClockCmd
    bsp_can1.o(i.CAN1_ConfigInit) refers to stm32f4xx_rcc.o(i.RCC_APB1PeriphClockCmd) for RCC_APB1PeriphClockCmd
    bsp_can1.o(i.CAN1_ConfigInit) refers to stm32f4xx_gpio.o(i.GPIO_PinAFConfig) for GPIO_PinAFConfig
    bsp_can1.o(i.CAN1_ConfigInit) refers to stm32f4xx_gpio.o(i.GPIO_Init) for GPIO_Init
    bsp_can1.o(i.CAN1_ConfigInit) refers to misc.o(i.NVIC_Init) for NVIC_Init
[...]
    __rt_final_exit                          0x080001bd   Thumb Code     0  entry11a.o(.ARM.Collect$$$$0000000F)
    SVC_Handler                              0x080001c1   Thumb Code    28  port.o(.emb_text)
    __asm___6_port_c_39a90d8d__prvStartFirstTask 0x080001e1   Thumb Code    28  port.o(.emb_text)
    __asm___6_port_c_39a90d8d__prvEnableVFP  0x08000201   Thumb Code    16  port.o(.emb_text)
    PendSV_Handler                           0x08000215   Thumb Code    88  port.o(.emb_text)
    vPortGetIPSR                             0x08000271   Thumb Code     6  port.o(.emb_text)
    Reset_Handler                            0x08000279   Thumb Code     8  startup_stm32f427x.o(.text)
    NMI_Handler                              0x08000281   Thumb Code     2  startup_stm32f427x.o(.text)
    HardFault_Handler                        0x08000283   Thumb Code     2  startup_stm32f427x.o(.text)
    MemManage_Handler                        0x08000285   Thumb Code     2  startup_stm32f427x.o(.text)
    BusFault_Handler                         0x08000287   Thumb Code     2  startup_stm32f427x.o(.text)
    UsageFault_Handler                       0x08000289   Thumb Code     2  startup_stm32f427x.o(.text)
    DebugMon_Handler                         0x0800028d   Thumb Code     2  startup_stm32f427x.o(.text)
    ADC_IRQHandler                           0x08000293   Thumb Code     0  startup_stm32f427x.o(.text)
    CAN1_RX1_IRQHandler                      0x08000293   Thumb Code     0  startup_stm32f427x.o(.text)
    CAN1_SCE_IRQHandler                      0x08000293   Thumb Code     0  startup_stm32f427x.o(.text)
    CAN2_RX1_IRQHandler                      0x08000293   Thumb Code     0  startup_stm32f427x.o(.text)
    CAN2_SCE_IRQHandler                      0x08000293   Thumb Code     0  startup_stm32f427x.o(.text)
    CRYP_IRQHandler                          0x08000293   Thumb Code     0  startup_stm32f427x.o(.text)
    DCMI_IRQHandler                          0x08000293   Thumb Code     0  startup_stm32f427x.o(.text)
    DMA1_Stream0_IRQHandler                  0x08000293   Thumb Code     0  startup_stm32f427x.o(.text)
    DMA1_Stream1_IRQHandler                  0x08000293   Thumb Code     0  startup_stm32f427x.o(.text)
    DMA1_Stream2_IRQHandler                  0x08000293   Thumb Code     0  startup_stm32f427x.o(.text)
    DMA1_Stream3_IRQHandler                  0x08000293   Thumb Code     0  startup_stm32f427x.o(.text)
    DMA1_Stream4_IRQHandler                  0x08000293   Thumb Code     0  startup_stm32f427x.o(.text)
    DMA1_Stream5_IRQHandler                  0x08000293   Thumb Code     0  startup_stm32f427x.o(.text)
    DMA1_Stream6_IRQHandler                  0x08000293   Thumb Code     0  startup_stm32f427x.o(.text)
    DMA1_Stream7_IRQHandler                  0x08000293   Thumb Code     0  startup_stm32f427x.o(.text)
    DMA2D_IRQHandler                         0x08000293   Thumb Code     0  startup_stm32f427x.o(.text)
    DMA2_Stream0_IRQHandler                  0x08000293   Thumb Code     0  startup_stm32f427x.o(.text)
    DMA2_Stream1_IRQHandler                  0x08000293   Thumb Code     0  startup_stm32f427x.o(.text)
    DMA2_Stream2_IRQHandler                  0x08000293   Thumb Code     0  startup_stm32f427x.o(.text)
    DMA2_Stream3_IRQHandler                  0x08000293   Thumb Code     0  startup_stm32f427x.o(.text)
    DMA2_Stream4_IRQHandler                  0x08000293   Thumb Code     0  startup_stm32f427x.o(.text)
    DMA2_Stream5_IRQHandler                  0x08000293   Thumb Code     0  startup_stm32f427x.o(.text)
    DMA2_Stream6_IRQHandler                  0x08000293   Thumb Code     0  startup_stm32f427x.o(.text)
    DMA2_Stream7_IRQHandler                  0x08000293   Thumb Code     0  startup_stm32f427x.o(.text)
    ETH_IRQHandler                           0x08000293   Thumb Code     0  startup_stm32f427x.o(.text)
    ETH_WKUP_IRQHandler                      0x08000293   Thumb Code     0  startup_stm32f427x.o(.text)
    EXTI0_IRQHandler                         0x08000293   Thumb Code     0  startup_stm32f427x.o(.text)
    EXTI15_10_IRQHandler                     0x08000293   Thumb Code     0  startup_stm32f427x.o(.text)
    EXTI2_IRQHandler                         0x08000293   Thumb Code     0  startup_stm32f427x.o(.text)
    EXTI3_IRQHandler                         0x08000293   Thumb Code     0  startup_stm32f427x.o(.text)
    EXTI4_IRQHandler                         0x08000293   Thumb Code     0  startup_stm32f427x.o(.text)
    EXTI9_5_IRQHandler                       0x08000293   Thumb Code     0  startup_stm32f427x.o(.text)
    FLASH_IRQHandler                         0x08000293   Thumb Code     0  startup_stm32f427x.o(.text)
    FMC_IRQHandler                           0x08000293   Thumb Code     0  startup_stm32f427x.o(.text)
    FPU_IRQHandler                           0x08000293   Thumb Code     0  startup_stm32f427x.o(.text)
    HASH_RNG_IRQHandler                      0x08000293   Thumb Code     0  startup_stm32f427x.o(.text)
    I2C1_ER_IRQHandler                       0x08000293   Thumb Code     0  startup_stm32f427x.o(.text)
    I2C1_EV_IRQHandler                       0x08000293   Thumb Code     0  startup_stm32f427x.o(.text)
    I2C2_ER_IRQHandler                       0x08000293   Thumb Code     0  startup_stm32f427x.o(.text)
    I2C2_EV_IRQHandler                       0x08000293   Thumb Code     0  startup_stm32f427x.o(.text)
    I2C3_ER_IRQHandler                       0x08000293   Thumb Code     0  startup_stm32f427x.o(.text)
    I2C3_EV_IRQHandler                       0x08000293   Thumb Code     0  startup_stm32f427x.o(.text)
    OTG_FS_IRQHandler                        0x08000293   Thumb Code     0  startup_stm32f427x.o(.text)
    OTG_FS_WKUP_IRQHandler                   0x08000293   Thumb Code     0  startup_stm32f427x.o(.text)
    OTG_HS_EP1_IN_IRQHandler                 0x08000293   Thumb Code     0  startup_stm32f427x.o(.text)
    OTG_HS_EP1_OUT_IRQHandler                0x08000293   Thumb Code     0  startup_stm32f427x.o(.text)
    OTG_HS_IRQHandler                        0x08000293   Thumb Code     0  startup_stm32f427x.o(.text)
    OTG_HS_WKUP_IRQHandler                   0x08000293   Thumb Code     0  startup_stm32f427x.o(.text)
    PVD_IRQHandler                           0x08000293   Thumb Code     0  startup_stm32f427x.o(.text)
    RCC_IRQHandler                           0x08000293   Thumb Code     0  startup_stm32f427x.o(.text)
    RTC_Alarm_IRQHandler                     0x08000293   Thumb Code     0  startup_stm32f427x.o(.text)
    RTC_WKUP_IRQHandler                      0x08000293   Thumb Code     0  startup_stm32f427x.o(.text)
    SAI1_IRQHandler                          0x08000293   Thumb Code     0  startup_stm32f427x.o(.text)
    SDIO_IRQHandler                          0x08000293   Thumb Code     0  startup_stm32f427x.o(.text)
    SPI1_IRQHandler                          0x08000293   Thumb Code     0  startup_stm32f427x.o(.text)
    SPI2_IRQHandler                          0x08000293   Thumb Code     0  startup_stm32f427x.o(.text)
    SPI3_IRQHandler                          0x08000293   Thumb Code     0  startup_stm32f427x.o(.text)
    SPI4_IRQHandler                          0x08000293   Thumb Code     0  startup_stm32f427x.o(.text)
    SPI5_IRQHandler                          0x08000293   Thumb Code     0  startup_stm32f427x.o(.text)
    SPI6_IRQHandler                          0x08000293   Thumb Code     0  startup_stm32f427x.o(.text)
    TAMP_STAMP_IRQHandler                    0x08000293   Thumb Code     0  startup_stm32f427x.o(.text)
    TIM1_BRK_TIM9_IRQHandler                 0x08000293   Thumb Code     0  startup_stm32f427x.o(.text)
    TIM1_CC_IRQHandler                       0x08000293   Thumb Code     0  startup_stm32f427x.o(.text)
    TIM1_TRG_COM_TIM11_IRQHandler            0x08000293   Thumb Code     0  startup_stm32f427x.o(.text)
    TIM1_UP_TIM10_IRQHandler                 0x08000293   Thumb Code     0  startup_stm32f427x.o(.text)
    TIM2_IRQHandler                          0x08000293   Thumb Code     0  startup_stm32f427x.o(.text)
    TIM3_IRQHandler                          0x08000293   Thumb Code     0  startup_stm32f427x.o(.text)
    TIM4_IRQHandler                          0x08000293   Thumb Code     0  startup_stm32f427x.o(.text)
    TIM5_IRQHandler                          0x08000293   Thumb Code     0  startup_stm32f427x.o(.text)
    TIM7_IRQHandler                          0x08000293   Thumb Code     0  startup_stm32f427x.o(.text)
    TIM8_BRK_TIM12_IRQHandler                0x08000293   Thumb Code     0  startup_stm32f427x.o(.text)
    TIM8_CC_IRQHandler                       0x08000293   Thumb Code     0  startup_stm32f427x.o(.text)
    TIM8_TRG_COM_TIM14_IRQHandler            0x08000293   Thumb Code     0  startup_stm32f427x.o(.text)
    TIM8_UP_TIM13_IRQHandler                 0x08000293   Thumb Code     0  startup_stm32f427x.o(.text)
    UART4_IRQHandler                         0x08000293   Thumb Code     0  startup_stm32f427x.o(.text)
    UART5_IRQHandler                         0x08000293   Thumb Code     0  startup_stm32f427x.o(.text)
    UART7_IRQHandler                         0x08000293   Thumb Code     0  startup_stm32f427x.o(.text)
    UART8_IRQHandler                         0x08000293   Thumb Code     0  startup_stm32f427x.o(.text)
    USART2_IRQHandler                        0x08000293   Thumb Code     0  startup_stm32f427x.o(.text)
    WWDG_IRQHandler                          0x08000293   Thumb Code     0  startup_stm32f427x.o(.text)
    __aeabi_memcpy                           0x0800029d   Thumb Code    36  memcpya.o(.text)
    __aeabi_memcpy4                          0x0800029d   Thumb Code     0  memcpya.o(.text)
    __aeabi_memcpy8                          0x0800029d   Thumb Code     0  memcpya.o(.text)
    __aeabi_memset                           0x080002c1   Thumb Code    14  memseta.o(.text)
    __aeabi_memset4                          0x080002c1   Thumb Code     0  memseta.o(.text)
    __aeabi_memset8                          0x080002c1   Thumb Code     0  memseta.o(.text)
    __aeabi_memclr                           0x080002cf   Thumb Code     4  memseta.o(.text)
    __aeabi_memclr4                          0x080002cf   Thumb Code     0  memseta.o(.text)
    __aeabi_memclr8                          0x080002cf   Thumb Code     0  memseta.o(.text)
    _memset$wrapper                          0x080002d3   Thumb Code    18  memseta.o(.text)
    __aeabi_dmul                             0x080002e5   Thumb Code   228  dmul.o(.text)
    __aeabi_ddiv                             0x080003c9   Thumb Code   222  ddiv.o(.text)
    __aeabi_f2d                              0x080004a7   Thumb Code    38  f2d.o(.text)
    __aeabi_cdcmpeq                          0x080004cd   Thumb Code     0  cdcmple.o(.text)
    __aeabi_cdcmple                          0x080004cd   Thumb Code    48  cdcmple.o(.text)
    __aeabi_cdrcmple                         0x080004fd   Thumb Code    48  cdrcmple.o(.text)
    __aeabi_d2f                              0x0800052d   Thumb Code    56  d2f.o(.text)
    __I$use$fp                               0x08000565   Thumb Code     0  iusefp.o(.text)
    _float_round                             0x08000565   Thumb Code    18  fepilogue.o(.text)
    _float_epilogue                          0x08000577   Thumb Code    92  fepilogue.o(.text)
    _double_round                            0x080005d3   Thumb Code    30  depilogue.o(.text)
    _double_epilogue                         0x080005f1   Thumb Code   156  depilogue.o(.text)
    __aeabi_dadd                             0x0800068d   Thumb Code   322  dadd.o(.text)
    __aeabi_dsub                             0x080007cf   Thumb Code     6  dadd.o(.text)
    __aeabi_drsub                            0x080007d5   Thumb Code     6  dadd.o(.text)
    _dsqrt                                   0x080007db   Thumb Code   162  dsqrt.o(.text)
    __scatterload                            0x0800087d   Thumb Code    28  init.o(.text)
    __scatterload_rt2                        0x0800087d   Thumb Code     0  init.o(.text)
    __aeabi_llsl                             0x080008a1   Thumb Code    30  llshl.o(.text)
    _ll_shift_l                              0x080008a1   Thumb Code     0  llshl.o(.text)
    __aeabi_llsr                             0x080008bf   Thumb Code    32  llushr.o(.text)
    _ll_ushift_r                             0x080008bf   Thumb Code     0  llushr.o(.text)
    __aeabi_lasr                             0x080008df   Thumb Code    36  llsshr.o(.text)
    _ll_sshift_r                             0x080008df   Thumb Code     0  llsshr.o(.text)
    __decompress                             0x08000903   Thumb Code     0  __dczerorl2.o(.text)
    __decompress1                            0x08000903   Thumb Code    86  __dczerorl2.o(.text)
    Append_CRC16_Check_Sum                   0x08000959   Thumb Code    44  mf_crc16.o(i.Append_CRC16_Check_Sum)
    Append_CRC8_Check_Sum                    0x08000989   Thumb Code    36  mf_crc8.o(i.Append_CRC8_Check_Sum)
    BSP_IST8310_Init                         0x080009ad   Thumb Code   204  mpu6500_driver.o(i.BSP_IST8310_Init)
    CAN1_ConfigInit                          0x08000ac9   Thumb Code   264  bsp_can1.o(i.CAN1_ConfigInit)
    CAN1_RX0_IRQHandler                      0x08000bd9   Thumb Code    62  bsp_can1.o(i.CAN1_RX0_IRQHandler)
    CAN1_Receive_Enable                      0x08000c21   Thumb Code    14  bsp_can1.o(i.CAN1_Receive_Enable)
    CAN1_SendBlock                           0x08000c35   Thumb Code    76  bsp_can1.o(i.CAN1_SendBlock)
    CAN1_TX_IRQHandler                       0x08000c81   Thumb Code    22  bsp_can1.o(i.CAN1_TX_IRQHandler)
    CAN2_ConfigInit                          0x08000ced   Thumb Code   300  bsp_can2.o(i.CAN2_ConfigInit)
    CAN2_RX0_IRQHandler                      0x08000e21   Thumb Code    42  bsp_can2.o(i.CAN2_RX0_IRQHandler)
    CAN2_SendBlock                           0x08000e51   Thumb Code    76  bsp_can2.o(i.CAN2_SendBlock)
    CAN2_TX_IRQHandler                       0x08000e9d   Thumb Code    22  bsp_can2.o(i.CAN2_TX_IRQHandler)
    CAN_ClearFlag                            0x08000eb9   Thumb Code    52  stm32f4xx_can.o(i.CAN_ClearFlag)
    CAN_ClearITPendingBit                    0x08000ef1   Thumb Code   162  stm32f4xx_can.o(i.CAN_ClearITPendingBit)
    CAN_DeInit                               0x08000f99   Thumb Code    50  stm32f4xx_can.o(i.CAN_DeInit)
    CAN_FilterInit                           0x08000fd1   Thumb Code   258  stm32f4xx_can.o(i.CAN_FilterInit)
    CAN_GetITStatus                          0x080010d9   Thumb Code   284  stm32f4xx_can.o(i.CAN_GetITStatus)
    CAN_ITConfig                             0x080011f9   Thumb Code    18  stm32f4xx_can.o(i.CAN_ITConfig)
    CAN_Init                                 0x0800120b   Thumb Code   276  stm32f4xx_can.o(i.CAN_Init)
    CAN_Receive                              0x0800131f   Thumb Code   240  stm32f4xx_can.o(i.CAN_Receive)
    CAN_StructInit                           0x0800140f   Thumb Code    32  stm32f4xx_can.o(i.CAN_StructInit)
    CAN_Transmit                             0x0800142f   Thumb Code   294  stm32f4xx_can.o(i.CAN_Transmit)
    Can1_ReceiveGimbalMsgProcess             0x08001555   Thumb Code   308  gimbalctrl_task.o(i.Can1_ReceiveGimbalMsgProcess)
    Can1_ReceiveShooterMsgProcess            0x080016a5   Thumb Code    56  shooterctrl_task.o(i.Can1_ReceiveShooterMsgProcess)
    Can2_ReceiveGyroMsgProcess               0x080016e5   Thumb Code    74  gimbalctrl_task.o(i.Can2_ReceiveGyroMsgProcess)
    Can2_Send_StdMsg                         0x08001741   Thumb Code    64  bsp_can2.o(i.Can2_Send_StdMsg)
    Can_Send_StdMsg                          0x08001785   Thumb Code    64  bsp_can1.o(i.Can_Send_StdMsg)
    DMA_Cmd                                  0x080017db   Thumb Code    22  stm32f4xx_dma.o(i.DMA_Cmd)
    DMA_DeInit                               0x080017f1   Thumb Code   324  stm32f4xx_dma.o(i.DMA_DeInit)
    DMA_GetCurrDataCounter                   0x08001949   Thumb Code     8  stm32f4xx_dma.o(i.DMA_GetCurrDataCounter)
    DMA_GetCurrentMemoryTarget               0x08001951   Thumb Code    20  stm32f4xx_dma.o(i.DMA_GetCurrentMemoryTarget)
    DMA_Init                                 0x08001965   Thumb Code    82  stm32f4xx_dma.o(i.DMA_Init)
    DMA_SetCurrDataCounter                   0x080019bd   Thumb Code     4  stm32f4xx_dma.o(i.DMA_SetCurrDataCounter)
    DMA_StructInit                           0x080019c1   Thumb Code    34  stm32f4xx_dma.o(i.DMA_StructInit)
    EXTI1_IRQHandler                         0x080019e5   Thumb Code    34  mpu6500_int.o(i.EXTI1_IRQHandler)
    EXTI_ClearFlag                           0x08001a0d   Thumb Code     6  stm32f4xx_exti.o(i.EXTI_ClearFlag)
    EXTI_ClearITPendingBit                   0x08001a19   Thumb Code     6  stm32f4xx_exti.o(i.EXTI_ClearITPendingBit)
    EXTI_GetITStatus                         0x08001a25   Thumb Code    20  stm32f4xx_exti.o(i.EXTI_GetITStatus)
    EXTI_Init                                0x08001a3d   Thumb Code   142  stm32f4xx_exti.o(i.EXTI_Init)
    EncoderProcess                           0x08001ad1   Thumb Code   248  encoder.o(i.EncoderProcess)
    FIFO_S_CountUsed                         0x08001bd5   Thumb Code    16  fifo.o(i.FIFO_S_CountUsed)
    FIFO_S_Create                            0x08001be5   Thumb Code    60  fifo.o(i.FIFO_S_Create)
    FIFO_S_Get                               0x08001c21   Thumb Code    58  fifo.o(i.FIFO_S_Get)
    FIFO_S_Init                              0x08001c5b   Thumb Code    62  fifo.o(i.FIFO_S_Init)
    FIFO_S_IsEmpty                           0x08001c99   Thumb Code    24  fifo.o(i.FIFO_S_IsEmpty)
    FIFO_S_Put                               0x08001cb1   Thumb Code    68  fifo.o(i.FIFO_S_Put)
    FIFO_S_Puts                              0x08001cf5   Thumb Code    98  fifo.o(i.FIFO_S_Puts)
    Forward_Packet                           0x08001d57   Thumb Code    96  protocol_task.o(i.Forward_Packet)
    GMPitchControlLoop                       0x08001db9   Thumb Code   198  gimbalctrl_task.o(i.GMPitchControlLoop)
    GMYawControlLoop                         0x08001e9d   Thumb Code   532  gimbalctrl_task.o(i.GMYawControlLoop)
    GPIO_Init                                0x080020ed   Thumb Code   144  stm32f4xx_gpio.o(i.GPIO_Init)
    GPIO_PinAFConfig                         0x0800217d   Thumb Code    70  stm32f4xx_gpio.o(i.GPIO_PinAFConfig)
    GPIO_ReadInputDataBit                    0x080021c3   Thumb Code    18  stm32f4xx_gpio.o(i.GPIO_ReadInputDataBit)
    GPIO_ResetBits                           0x080021d5   Thumb Code     4  stm32f4xx_gpio.o(i.GPIO_ResetBits)
    GPIO_SetBits                             0x080021d9   Thumb Code     4  stm32f4xx_gpio.o(i.GPIO_SetBits)
    GPIO_StructInit                          0x080021dd   Thumb Code    18  stm32f4xx_gpio.o(i.GPIO_StructInit)
    GPIO_ToggleBits                          0x080021ef   Thumb Code     8  stm32f4xx_gpio.o(i.GPIO_ToggleBits)
    GYRO_RST                                 0x080021f9   Thumb Code    86  gimbalctrl_task.o(i.GYRO_RST)
    GetCan1RxFifo                            0x08002255   Thumb Code     4  protocol_task.o(i.GetCan1RxFifo)
    GetEncoderBias                           0x0800225d   Thumb Code    26  encoder.o(i.GetEncoderBias)
    GetPitchYawGxGyGz                        0x08002279   Thumb Code   284  imu_task.o(i.GetPitchYawGxGyGz)
    GetSubWorkState                          0x080023c5   Thumb Code     6  gimbalctrl_task.o(i.GetSubWorkState)
    GetUsart3RxFifo                          0x080023d1   Thumb Code     4  protocol_task.o(i.GetUsart3RxFifo)
    GetUsart6RxFifo                          0x080023d9   Thumb Code     4  protocol_task.o(i.GetUsart6RxFifo)
    GetWorkState                             0x080023e1   Thumb Code     6  gimbalctrl_task.o(i.GetWorkState)
    Get_CRC16_Check_Sum                      0x080023ed   Thumb Code    46  mf_crc16.o(i.Get_CRC16_Check_Sum)
    Get_CRC8_Check_Sum                       0x08002421   Thumb Code    30  mf_crc8.o(i.Get_CRC8_Check_Sum)
    GimabalCtrl_Task                         0x08002445   Thumb Code   268  gimbalctrl_task.o(i.GimabalCtrl_Task)
    GimbalParamInit                          0x08002561   Thumb Code   132  gimbalctrl_task.o(i.GimbalParamInit)
    IMU_AHRSupdate                           0x08002619   Thumb Code  1956  imu_task.o(i.IMU_AHRSupdate)
    IMU_Init                                 0x08002e01   Thumb Code    34  imu_task.o(i.IMU_Init)
    IMU_Task                                 0x08002e25   Thumb Code    22  imu_task.o(i.IMU_Task)
    IMU_getQ                                 0x08002e41   Thumb Code    56  imu_task.o(i.IMU_getQ)
    IMU_getValues                            0x08002e8d   Thumb Code   234  imu_task.o(i.IMU_getValues)
    IMU_getYawPitchRoll                      0x08002f85   Thumb Code   544  imu_task.o(i.IMU_getYawPitchRoll)
    IST8310_DataSave                         0x080031b9   Thumb Code   296  mpu6500_driver.o(i.IST8310_DataSave)
    IST8310_ReadData                         0x080032e9   Thumb Code    16  mpu6500_driver.o(i.IST8310_ReadData)
    IST8310_getRaw                           0x08003375   Thumb Code   100  mpu6500_driver.o(i.IST8310_getRaw)
    IST8310_mgetValues                       0x080033e1   Thumb Code    82  mpu6500_driver.o(i.IST8310_mgetValues)
    InitUnpackObj                            0x08003441   Thumb Code    22  protocol_task.o(i.InitUnpackObj)
    KeyMouseFsm                              0x08003457   Thumb Code   298  remote_task.o(i.KeyMouseFsm)
    LED_G_Task                               0x08003581   Thumb Code    22  led_task.o(i.LED_G_Task)
    LED_R_Task                               0x0800359d   Thumb Code    36  led_task.o(i.LED_R_Task)
    Laser_Configuration                      0x080035c5   Thumb Code    66  led.o(i.Laser_Configuration)
    Led_Configuration                        0x08003615   Thumb Code    96  led.o(i.Led_Configuration)
    MPU6500_DataSave                         0x0800367d   Thumb Code   268  mpu6500_driver.o(i.MPU6500_DataSave)
    MPU6500_Enable                           0x0800378d   Thumb Code    78  mpu6500_driver.o(i.MPU6500_Enable)
    MPU6500_Init                             0x080038ab   Thumb Code   344  mpu6500_driver.o(i.MPU6500_Init)
    MPU6500_IntConfig                        0x08003a05   Thumb Code   124  mpu6500_int.o(i.MPU6500_IntConfig)
    MPU6500_SpiConfig                        0x08003acd   Thumb Code   204  mpu6500_spi.o(i.MPU6500_SpiConfig)
    MPU6500_getMotion6                       0x08003ba1   Thumb Code   352  mpu6500_driver.o(i.MPU6500_getMotion6)
    ModuleCmdIdFuncTableInit                 0x08003d29   Thumb Code    26  protocol_task.o(i.ModuleCmdIdFuncTableInit)
    NVIC_Init                                0x08003d49   Thumb Code   106  misc.o(i.NVIC_Init)
    NVIC_PriorityGroupConfig                 0x08003dc1   Thumb Code    10  misc.o(i.NVIC_PriorityGroupConfig)
    PID_Calc                                 0x08003dd5   Thumb Code   234  pid_regulator.o(i.PID_Calc)
    PID_Reset                                0x08003ec1   Thumb Code    50  pid_regulator.o(i.PID_Reset)
    Potocol_Transmit                         0x08003ef9   Thumb Code   186  protocol_task.o(i.Potocol_Transmit)
    ProtocolInit                             0x08004011   Thumb Code    80  protocol_task.o(i.ProtocolInit)
    ProtocolUnpack                           0x0800408d   Thumb Code   410  protocol_task.o(i.ProtocolUnpack)
    Protocol_Task                            0x08004229   Thumb Code    74  protocol_task.o(i.Protocol_Task)
    RCC_AHB1PeriphClockCmd                   0x08004285   Thumb Code    26  stm32f4xx_rcc.o(i.RCC_AHB1PeriphClockCmd)
    RCC_APB1PeriphClockCmd                   0x080042a5   Thumb Code    26  stm32f4xx_rcc.o(i.RCC_APB1PeriphClockCmd)
    RCC_APB1PeriphResetCmd                   0x080042c5   Thumb Code    26  stm32f4xx_rcc.o(i.RCC_APB1PeriphResetCmd)
    RCC_APB2PeriphClockCmd                   0x080042e5   Thumb Code    26  stm32f4xx_rcc.o(i.RCC_APB2PeriphClockCmd)
    RCC_APB2PeriphResetCmd                   0x08004305   Thumb Code    26  stm32f4xx_rcc.o(i.RCC_APB2PeriphResetCmd)
    RCC_GetClocksFreq                        0x08004325   Thumb Code   214  stm32f4xx_rcc.o(i.RCC_GetClocksFreq)
    RampCalc                                 0x0800440d   Thumb Code    58  ramp.o(i.RampCalc)
    RampInit                                 0x0800444d   Thumb Code     8  ramp.o(i.RampInit)
    RampIsOverflow                           0x08004455   Thumb Code    18  ramp.o(i.RampIsOverflow)
    RampResetCounter                         0x08004467   Thumb Code     6  ramp.o(i.RampResetCounter)
    RampSetCounter                           0x0800446d   Thumb Code     4  ramp.o(i.RampSetCounter)
    RampSetScale                             0x08004471   Thumb Code     4  ramp.o(i.RampSetScale)
    RemoteCmdProcess                         0x08004475   Thumb Code   140  remote_task.o(i.RemoteCmdProcess)
    RemoteDataPrcess                         0x08004511   Thumb Code   176  remote_task.o(i.RemoteDataPrcess)
    Remote_Task                              0x080045c9   Thumb Code   132  remote_task.o(i.Remote_Task)
    SPI5_ReadData                            0x08004669   Thumb Code    68  mpu6500_spi.o(i.SPI5_ReadData)
    SPI5_ReadWriteByte                       0x080046b5   Thumb Code    52  mpu6500_spi.o(i.SPI5_ReadWriteByte)
    SPI_Cmd                                  0x080046ed   Thumb Code    24  stm32f4xx_spi.o(i.SPI_Cmd)
    SPI_I2S_GetFlagStatus                    0x08004705   Thumb Code    18  stm32f4xx_spi.o(i.SPI_I2S_GetFlagStatus)
    SPI_I2S_ReceiveData                      0x08004717   Thumb Code     6  stm32f4xx_spi.o(i.SPI_I2S_ReceiveData)
    SPI_I2S_SendData                         0x0800471d   Thumb Code     4  stm32f4xx_spi.o(i.SPI_I2S_SendData)
    SPI_Init                                 0x08004721   Thumb Code    60  stm32f4xx_spi.o(i.SPI_Init)
    SPI_SSOutputCmd                          0x0800475d   Thumb Code    24  stm32f4xx_spi.o(i.SPI_SSOutputCmd)
    SYSCFG_EXTILineConfig                    0x08004775   Thumb Code    60  stm32f4xx_syscfg.o(i.SYSCFG_EXTILineConfig)
    SetGimbalMotorOutput                     0x080047b5   Thumb Code    66  gimbalctrl_task.o(i.SetGimbalMotorOutput)
    SetShooterMotorOutput                    0x08004805   Thumb Code    44  shooterctrl_task.o(i.SetShooterMotorOutput)
    Set_Gimbal_Current                       0x08004959   Thumb Code    92  gimbalctrl_task.o(i.Set_Gimbal_Current)
    Set_Shooter_Current                      0x080049b5   Thumb Code    80  shooterctrl_task.o(i.Set_Shooter_Current)
    ShootKey_Configuration                   0x08004a05   Thumb Code    42  led.o(i.ShootKey_Configuration)
    ShooterControlLoop                       0x08004a35   Thumb Code  1112  shooterctrl_task.o(i.ShooterControlLoop)
    ShooterCtrl_Task                         0x08004e8d   Thumb Code   116  shooterctrl_task.o(i.ShooterCtrl_Task)
    ShooterParamInit                         0x08004f21   Thumb Code    44  shooterctrl_task.o(i.ShooterParamInit)
    SysTick_Handler                          0x08004f61   Thumb Code    46  port.o(i.SysTick_Handler)
    SystemInit                               0x08004f95   Thumb Code    88  system_stm32f4xx.o(i.SystemInit)
    TIM12_Configuration                      0x08004ffd   Thumb Code   206  bsp_timer12.o(i.TIM12_Configuration)
    TIM6_Configuration                       0x080050d5   Thumb Code    98  bsp_timer6.o(i.TIM6_Configuration)
    TIM6_DAC_IRQHandler                      0x0800513d   Thumb Code    40  bsp_timer6.o(i.TIM6_DAC_IRQHandler)
    TIM6_Start                               0x0800516d   Thumb Code    30  bsp_timer6.o(i.TIM6_Start)
    TIM_ARRPreloadConfig                     0x08005191   Thumb Code    24  stm32f4xx_tim.o(i.TIM_ARRPreloadConfig)
    TIM_ClearFlag                            0x080051a9   Thumb Code     6  stm32f4xx_tim.o(i.TIM_ClearFlag)
    TIM_ClearITPendingBit                    0x080051af   Thumb Code     6  stm32f4xx_tim.o(i.TIM_ClearITPendingBit)
    TIM_Cmd                                  0x080051b5   Thumb Code    24  stm32f4xx_tim.o(i.TIM_Cmd)
    TIM_GetITStatus                          0x080051cd   Thumb Code    34  stm32f4xx_tim.o(i.TIM_GetITStatus)
    TIM_ITConfig                             0x080051ef   Thumb Code    18  stm32f4xx_tim.o(i.TIM_ITConfig)
    TIM_OC1Init                              0x08005201   Thumb Code   114  stm32f4xx_tim.o(i.TIM_OC1Init)
    TIM_OC1PreloadConfig                     0x0800527d   Thumb Code    18  stm32f4xx_tim.o(i.TIM_OC1PreloadConfig)
    TIM_OC2Init                              0x08005291   Thumb Code   154  stm32f4xx_tim.o(i.TIM_OC2Init)
    TIM_OC2PreloadConfig                     0x08005335   Thumb Code    26  stm32f4xx_tim.o(i.TIM_OC2PreloadConfig)
    TIM_TimeBaseInit                         0x08005351   Thumb Code   104  stm32f4xx_tim.o(i.TIM_TimeBaseInit)
    UART3_PrintBlock                         0x080053d5   Thumb Code    44  bsp_usart3.o(i.UART3_PrintBlock)
    UART6_PrintBlock                         0x08005409   Thumb Code    44  bsp_usart6.o(i.UART6_PrintBlock)
    USART1_Configuration                     0x0800543d   Thumb Code   280  bsp_usart1.o(i.USART1_Configuration)
    USART1_IRQHandler                        0x08005565   Thumb Code   118  bsp_usart1.o(i.USART1_IRQHandler)
    USART3_Configuration                     0x080055f1   Thumb Code   200  bsp_usart3.o(i.USART3_Configuration)
    USART3_IRQHandler                        0x080056c5   Thumb Code   186  bsp_usart3.o(i.USART3_IRQHandler)
    USART6_IRQHandler                        0x08005791   Thumb Code   188  bsp_usart6.o(i.USART6_IRQHandler)
    USART_ClearFlag                          0x0800585d   Thumb Code    18  stm32f4xx_usart.o(i.USART_ClearFlag)
    USART_ClearITPendingBit                  0x0800586f   Thumb Code    30  stm32f4xx_usart.o(i.USART_ClearITPendingBit)
    USART_Cmd                                0x0800588d   Thumb Code    24  stm32f4xx_usart.o(i.USART_Cmd)
    USART_DMACmd                             0x080058a5   Thumb Code    18  stm32f4xx_usart.o(i.USART_DMACmd)
    USART_DeInit                             0x080058b9   Thumb Code   206  stm32f4xx_usart.o(i.USART_DeInit)
    USART_GetITStatus                        0x080059a9   Thumb Code    84  stm32f4xx_usart.o(i.USART_GetITStatus)
    USART_ITConfig                           0x080059fd   Thumb Code    74  stm32f4xx_usart.o(i.USART_ITConfig)
    USART_Init                               0x08005a49   Thumb Code   204  stm32f4xx_usart.o(i.USART_Init)
    USART_ReceiveData                        0x08005b1d   Thumb Code    10  stm32f4xx_usart.o(i.USART_ReceiveData)
    USART_SendData                           0x08005b27   Thumb Code     8  stm32f4xx_usart.o(i.USART_SendData)
    USART_StructInit                         0x08005b2f   Thumb Code    24  stm32f4xx_usart.o(i.USART_StructInit)
    Verify_CRC16_Check_Sum                   0x08005b49   Thumb Code    60  mf_crc16.o(i.Verify_CRC16_Check_Sum)
    Verify_CRC8_Check_Sum                    0x08005b89   Thumb Code    46  mf_crc8.o(i.Verify_CRC8_Check_Sum)
    WorkStateFSM                             0x08005bb9   Thumb Code   208  gimbalctrl_task.o(i.WorkStateFSM)
    __ARM_fpclassify                         0x08005c99   Thumb Code    48  fpclassify.o(i.__ARM_fpclassify)
    __hardfp_asin                            0x08005cc9   Thumb Code   770  asin.o(i.__hardfp_asin)
    __hardfp_atan                            0x08006029   Thumb Code   622  atan.o(i.__hardfp_atan)
    __hardfp_atan2                           0x08006301   Thumb Code   432  atan2.o(i.__hardfp_atan2)
    __hardfp_fabs                            0x080064f1   Thumb Code    20  fabs.o(i.__hardfp_fabs)
    __hardfp_sqrt                            0x08006505   Thumb Code   122  sqrt.o(i.__hardfp_sqrt)
    __kernel_poly                            0x0800657f   Thumb Code   248  poly.o(i.__kernel_poly)
    __mathlib_dbl_infnan                     0x08006677   Thumb Code    20  dunder.o(i.__mathlib_dbl_infnan)
    __mathlib_dbl_infnan2                    0x0800668b   Thumb Code    20  dunder.o(i.__mathlib_dbl_infnan2)
    __mathlib_dbl_invalid                    0x080066a1   Thumb Code    24  dunder.o(i.__mathlib_dbl_invalid)
    __mathlib_dbl_underflow                  0x080066c1   Thumb Code    24  dunder.o(i.__mathlib_dbl_underflow)
    __scatterload_copy                       0x080066e1   Thumb Code    14  handlers.o(i.__scatterload_copy)
    __scatterload_null                       0x080066ef   Thumb Code     2  handlers.o(i.__scatterload_null)
    __scatterload_zeroinit                   0x080066f1   Thumb Code    14  handlers.o(i.__scatterload_zeroinit)
    __set_errno                              0x08006701   Thumb Code     6  errno.o(i.__set_errno)
    atan                                     0x0800670d   Thumb Code    16  atan.o(i.atan)
    bsp_init                                 0x0800671d   Thumb Code    54  bsp_init.o(i.bsp_init)
    clearRemoteRef                           0x08006759   Thumb Code    68  remote_task.o(i.clearRemoteRef)
    delay_ms                                 0x080067ad   Thumb Code    28  delay.o(i.delay_ms)
    fabs                                     0x080067c9   Thumb Code    24  fabs.o(i.fabs)
    getKBState                               0x080067e1   Thumb Code    44  remote_task.o(i.getKBState)
    getRemoteRef                             0x08006811   Thumb Code  1068  remote_task.o(i.getRemoteRef)
    gimbalCtrlQueue_Get                      0x08006c3d   Thumb Code     6  gimbalctrl_task.o(i.gimbalCtrlQueue_Get)
    invSqrt                                  0x08006c49   Thumb Code    56  imu_task.o(i.invSqrt)
    main                                     0x08006c85   Thumb Code   180  main.o(i.main)
    malloc                                   0x08006d99   Thumb Code    92  malloc.o(i.malloc)
    pvPortMalloc                             0x0800774d   Thumb Code   198  heap_4.o(i.pvPortMalloc)
    pvTaskIncrementMutexHeldCount            0x08007829   Thumb Code    26  tasks.o(i.pvTaskIncrementMutexHeldCount)
    pxPortInitialiseStack                    0x08007849   Thumb Code    38  port.o(i.pxPortInitialiseStack)
    remoteQueue_Get                          0x08007875   Thumb Code     6  remote_task.o(i.remoteQueue_Get)
    shooterCtrlQueue_Get                     0x08007881   Thumb Code     6  shooterctrl_task.o(i.shooterCtrlQueue_Get)
    sqrt                                     0x0800788d   Thumb Code   110  sqrt.o(i.sqrt)
    updateKBFsm                              0x080078fd   Thumb Code   168  remote_task.o(i.updateKBFsm)
    uxListRemove                             0x080079ad   Thumb Code    40  list.o(i.uxListRemove)
    uxTaskResetEventItemValue                0x080079d5   Thumb Code    24  tasks.o(i.uxTaskResetEventItemValue)
    vApplicationIdleHook                     0x080079f1   Thumb Code     2  main.o(i.vApplicationIdleHook)
    vApplicationMallocFailedHook             0x080079f3   Thumb Code    22  main.o(i.vApplicationMallocFailedHook)
    vApplicationStackOverflowHook            0x08007a09   Thumb Code     2  main.o(i.vApplicationStackOverflowHook)
    vApplicationTickHook                     0x08007a0b   Thumb Code     2  main.o(i.vApplicationTickHook)
    vEventGroupSetBitsCallback               0x08007a0d   Thumb Code    16  event_groups.o(i.vEventGroupSetBitsCallback)
    vListInitialise                          0x08007a1d   Thumb Code    26  list.o(i.vListInitialise)
    vListInitialiseItem                      0x08007a37   Thumb Code     6  list.o(i.vListInitialiseItem)
    vListInsert                              0x08007a3d   Thumb Code    52  list.o(i.vListInsert)
    vListInsertEnd                           0x08007a71   Thumb Code    24  list.o(i.vListInsertEnd)
    vPortEnterCritical                       0x08007a89   Thumb Code    30  port.o(i.vPortEnterCritical)
    vPortExitCritical                        0x08007aad   Thumb Code    28  port.o(i.vPortExitCritical)
    vPortFree                                0x08007acd   Thumb Code    64  heap_4.o(i.vPortFree)
    vPortSetupTimerInterrupt                 0x08007b15   Thumb Code    26  port.o(i.vPortSetupTimerInterrupt)
    vQueueAddToRegistry                      0x08007b35   Thumb Code    38  queue.o(i.vQueueAddToRegistry)
    vQueueWaitForMessageRestricted           0x08007b61   Thumb Code    74  queue.o(i.vQueueWaitForMessageRestricted)
    vTaskDelay                               0x08007bad   Thumb Code    46  tasks.o(i.vTaskDelay)
    vTaskMissedYield                         0x08007be1   Thumb Code     8  tasks.o(i.vTaskMissedYield)
    vTaskPlaceOnEventList                    0x08007bed   Thumb Code    28  tasks.o(i.vTaskPlaceOnEventList)
    vTaskPlaceOnEventListRestricted          0x08007c0d   Thumb Code    36  tasks.o(i.vTaskPlaceOnEventListRestricted)
    vTaskPlaceOnUnorderedEventList           0x08007c35   Thumb Code    40  tasks.o(i.vTaskPlaceOnUnorderedEventList)
    vTaskPriorityInherit                     0x08007c61   Thumb Code   164  tasks.o(i.vTaskPriorityInherit)
    vTaskSetTimeOutState                     0x08007d11   Thumb Code    14  tasks.o(i.vTaskSetTimeOutState)
    vTaskStartScheduler                      0x08007d29   Thumb Code    86  tasks.o(i.vTaskStartScheduler)
    vTaskSuspendAll                          0x08007da1   Thumb Code    12  tasks.o(i.vTaskSuspendAll)
    vTaskSwitchContext                       0x08007db1   Thumb Code   184  tasks.o(i.vTaskSwitchContext)
    xEventGroupCreate                        0x08007e89   Thumb Code    26  event_groups.o(i.xEventGroupCreate)
    xEventGroupSetBits                       0x08007ea3   Thumb Code   146  event_groups.o(i.xEventGroupSetBits)
    xEventGroupSetBitsFromISR                0x08007f35   Thumb Code    30  event_groups.o(i.xEventGroupSetBitsFromISR)
    xEventGroupWaitBits                      0x08007f59   Thumb Code   194  event_groups.o(i.xEventGroupWaitBits)
    xPortStartScheduler                      0x08008021   Thumb Code    58  port.o(i.xPortStartScheduler)
    xQueueGenericCreate                      0x08008069   Thumb Code    56  queue.o(i.xQueueGenericCreate)
    xQueueGenericReceive                     0x080080a1   Thumb Code   342  queue.o(i.xQueueGenericReceive)
    xQueueGenericReset                       0x080081fd   Thumb Code   122  queue.o(i.xQueueGenericReset)
    xQueueGenericSend                        0x0800827d   Thumb Code   308  queue.o(i.xQueueGenericSend)
    xQueueGenericSendFromISR                 0x080083b5   Thumb Code   156  queue.o(i.xQueueGenericSendFromISR)
    xTaskCheckForTimeOut                     0x08008451   Thumb Code    84  tasks.o(i.xTaskCheckForTimeOut)
    xTaskCreate                              0x080084ad   Thumb Code    96  tasks.o(i.xTaskCreate)
    xTaskGetSchedulerState                   0x0800850d   Thumb Code    24  tasks.o(i.xTaskGetSchedulerState)
    xTaskGetTickCount                        0x0800852d   Thumb Code     6  tasks.o(i.xTaskGetTickCount)
    xTaskIncrementTick                       0x08008539   Thumb Code   252  tasks.o(i.xTaskIncrementTick)
    xTaskPriorityDisinherit                  0x08008661   Thumb Code   122  tasks.o(i.xTaskPriorityDisinherit)
    xTaskRemoveFromEventList                 0x080086e5   Thumb Code   104  tasks.o(i.xTaskRemoveFromEventList)
    xTaskRemoveFromUnorderedEventList        0x08008765   Thumb Code    94  tasks.o(i.xTaskRemoveFromUnorderedEventList)
    xTaskResumeAll                           0x080087d5   Thumb Code   196  tasks.o(i.xTaskResumeAll)
    xTimerCreateTimerTask                    0x080088bd   Thumb Code    40  timers.o(i.xTimerCreateTimerTask)
    xTimerGenericCommand                     0x080088f9   Thumb Code   104  timers.o(i.xTimerGenericCommand)
    xTimerPendFunctionCallFromISR            0x08008965   Thumb Code    48  timers.o(i.xTimerPendFunctionCallFromISR)
    wCRC_Table                               0x08008998   Data         512  mf_crc16.o(.constdata)
    CRC8_INIT                                0x08008b98   Data           1  mf_crc8.o(.constdata)
    CRC8_TAB                                 0x08008b99   Data         256  mf_crc8.o(.constdata)
    __mathlib_zero                           0x08008d88   Data           8  qnan.o(.constdata)
    Region$$Table$$Base                      0x08008d90   Number         0  anon$$obj.o(Region$$Table)
    Region$$Table$$Limit                     0x08008db0   Number         0  anon$$obj.o(Region$$Table)
    xGlobalEventGroup                        0x20000000   Data           4  main.o(.data)
    xHandleTask_LED_R                        0x20000004   Data           4  main.o(.data)
    xQueue                                   0x20000008   Data           4  main.o(.data)
    ulHighFrequencyTimerTicks                0x2000000c   Data           4  bsp_timer6.o(.data)
    UART3_TranFifo                           0x20000014   Data           4  bsp_usart3.o(.data)
    UART6_TranFifo                           0x20000018   Data           4  bsp_usart6.o(.data)
    HMC5883_lastx                            0x2000001c   Data           4  mpu6500_driver.o(.data)
    HMC5883_lasty                            0x20000020   Data           4  mpu6500_driver.o(.data)
    HMC5883_lastz                            0x20000024   Data           4  mpu6500_driver.o(.data)
    MPU6500_Lastax                           0x20000028   Data           2  mpu6500_driver.o(.data)
    MPU6500_Lastay                           0x2000002a   Data           2  mpu6500_driver.o(.data)
    MPU6500_Lastaz                           0x2000002c   Data           2  mpu6500_driver.o(.data)
    MPU6500_LastTem                          0x2000002e   Data           2  mpu6500_driver.o(.data)
    MPU6500_Lastgx                           0x20000030   Data           2  mpu6500_driver.o(.data)
    MPU6500_Lastgy                           0x20000032   Data           2  mpu6500_driver.o(.data)
    MPU6500_Lastgz                           0x20000034   Data           2  mpu6500_driver.o(.data)
    isMPU6500_is_DRY                         0x20000036   Data           1  mpu6500_int.o(.data)
    CRC_INIT                                 0x20000038   Data           2  mf_crc16.o(.data)
    exInt                                    0x2000003c   Data           4  imu_task.o(.data)
    eyInt                                    0x20000040   Data           4  imu_task.o(.data)
    ezInt                                    0x20000044   Data           4  imu_task.o(.data)
    q0                                       0x20000048   Data           4  imu_task.o(.data)
    q1                                       0x2000004c   Data           4  imu_task.o(.data)
    q2                                       0x20000050   Data           4  imu_task.o(.data)
    q3                                       0x20000054   Data           4  imu_task.o(.data)
    mygettemp                                0x20000058   Data           4  imu_task.o(.data)
    lastUpdate                               0x20000080   Data           4  imu_task.o(.data)
    now                                      0x20000084   Data           4  imu_task.o(.data)
    yaw_temp                                 0x2000008c   Data           4  imu_task.o(.data)
    last_yaw_temp                            0x20000090   Data           4  imu_task.o(.data)
    KB_CtlData                               0x20000098   Data           8  remote_task.o(.data)
    ShooterCtrl_By_Remote                    0x200000a0   Data           3  remote_task.o(.data)
    CMRotatePID                              0x200000a4   Data          80  remote_task.o(.data)
    shoot_ctrl_mode_counter                  0x200000f4   Data           4  remote_task.o(.data)
    workState                                0x200000f8   Data           1  gimbalctrl_task.o(.data)
    subWorkState                             0x200000f9   Data           1  gimbalctrl_task.o(.data)
    GMPPositionPID                           0x200000fc   Data          80  gimbalctrl_task.o(.data)
    GMPSpeedPID                              0x2000014c   Data          80  gimbalctrl_task.o(.data)
    GMYPositionPID                           0x2000019c   Data          80  gimbalctrl_task.o(.data)
    GMYSpeedPID                              0x200001ec   Data          80  gimbalctrl_task.o(.data)
    ZGyroModuleAngle                         0x2000023c   Data           4  gimbalctrl_task.o(.data)
    GMPitchRamp                              0x20000240   Data          36  gimbalctrl_task.o(.data)
    GMYawRamp                                0x20000264   Data          36  gimbalctrl_task.o(.data)
    gimbal_task_tick                         0x20000290   Data           4  gimbalctrl_task.o(.data)
    GyoInitFlag                              0x2000029c   Data           2  gimbalctrl_task.o(.data)
    GyroYawAngleBias                         0x200002a0   Data           4  gimbalctrl_task.o(.data)
    ImuYawAngleBias                          0x200002a4   Data           4  gimbalctrl_task.o(.data)
    EncoderYawAngleBias                      0x200002a8   Data           4  gimbalctrl_task.o(.data)
    chassis_rotate_lock                      0x200002ac   Data           2  gimbalctrl_task.o(.data)
    ShootMotorPositionPID                    0x200002b0   Data          80  shooterctrl_task.o(.data)
    ShootMotorSpeedPID                       0x20000300   Data          80  shooterctrl_task.o(.data)
    ShooterCtrl                              0x20000354   Data           3  shooterctrl_task.o(.data)
    shooter_task_tick                        0x20000358   Data           4  shooterctrl_task.o(.data)
    mouse_press_time                         0x2000035c   Data           4  shooterctrl_task.o(.data)
    bullet_shoot_time                        0x20000360   Data           4  shooterctrl_task.o(.data)
    mouse_shoot_time_diff                    0x20000364   Data           4  shooterctrl_task.o(.data)
    fric_wheel_state                         0x20000368   Data           1  shooterctrl_task.o(.data)
    bullet_ready                             0x20000369   Data           1  shooterctrl_task.o(.data)
    bullet_block_time                        0x2000036c   Data           4  shooterctrl_task.o(.data)
    bullet_blocked                           0x20000370   Data           1  shooterctrl_task.o(.data)
    shoot_motor_angle                        0x20000374   Data           4  shooterctrl_task.o(.data)
    shoot_state                              0x20000378   Data           1  shooterctrl_task.o(.data)
    key_state                                0x20000379   Data           1  shooterctrl_task.o(.data)
    key_last_state                           0x2000037a   Data           1  shooterctrl_task.o(.data)
    mouse_state                              0x2000037b   Data           1  shooterctrl_task.o(.data)
    mouse_last_state                         0x2000037c   Data           1  shooterctrl_task.o(.data)
    SystemCoreClock                          0x20000388   Data           4  system_stm32f4xx.o(.data)
    AHBPrescTable                            0x2000038c   Data          16  system_stm32f4xx.o(.data)
    pxCurrentTCB                             0x200003ac   Data           4  tasks.o(.data)
    __microlib_freelist                      0x20000420   Data           4  mvars.o(.data)
    __microlib_freelist_initialised          0x20000424   Data           4  mvars.o(.data)
    MPU6500_Raw_Data                         0x20000440   Data          20  mpu6500_driver.o(.bss)
    MPU6500_Real_Data                        0x20000454   Data          40  mpu6500_driver.o(.bss)
    mpu_buf                                  0x2000047c   Data          20  mpu6500_driver.o(.bss)
    MPU6500_FIFO                             0x20000490   Data         154  mpu6500_driver.o(.bss)
    HMC5883_FIFO                             0x2000052a   Data          66  mpu6500_driver.o(.bss)
    MagMaxMinData                            0x2000056c   Data          12  mpu6500_driver.o(.bss)
    mygetqval                                0x20000578   Data          36  imu_task.o(.bss)
    angle                                    0x200005ac   Data          12  imu_task.o(.bss)
    euler_angle                              0x200005b8   Data          12  imu_task.o(.bss)
    RC_CtrlData                              0x200005c4   Data          20  remote_task.o(.bss)
    RC_LastCtrlData                          0x200005d8   Data          20  remote_task.o(.bss)
    key_mouse_state                          0x200005ec   Data          18  remote_task.o(.bss)
    GimbalCtrl_By_Remote                     0x20000600   Data          28  remote_task.o(.bss)
    ChassisCtrl_By_Gimbal                    0x2000061c   Data          10  remote_task.o(.bss)
    GMYawEncoder                             0x20000638   Data          67  gimbalctrl_task.o(.bss)
    GMPitchEncoder                           0x2000067b   Data          67  gimbalctrl_task.o(.bss)
    GimbalCtrl                               0x200006c0   Data          28  gimbalctrl_task.o(.bss)
    GMShootEncoder                           0x200006dc   Data          67  shooterctrl_task.o(.bss)
    xQueueRegistry                           0x20001144   Data          64  queue.o(.bss)
    __heap_base                              0x20008a78   Data           0  startup_stm32f427x.o(HEAP)
    __heap_limit                             0x20008c78   Data           0  startup_stm32f427x.o(HEAP)
    __initial_sp                             0x20009078   Data           0  startup_stm32f427x.o(STACK)



==============================================================================

Memory Map of the image

  Image Entry point : 0x080001ad

  Load Region LR_IROM1 (Base: 0x08000000, Size: 0x000091dc, Max: 0x00200000, ABSOLUTE, COMPRESSED[0x00008e60])

    Execution Region ER_IROM1 (Base: 0x08000000, Size: 0x00008db0, Max: 0x00200000, ABSOLUTE)

    Base Addr    Size         Type   Attr      Idx    E Section Name        Object

    0x08000000   0x000001ac   Data   RO         2308    RESET               startup_stm32f427x.o
    0x080001ac   0x00000000   Code   RO         8266  * .ARM.Collect$$$$00000000  mc_w.l(entry.o)
    0x080001ac   0x00000004   Code   RO         8617    .ARM.Collect$$$$00000001  mc_w.l(entry2.o)
    0x080001b0   0x00000004   Code   RO         8620    .ARM.Collect$$$$00000004  mc_w.l(entry5.o)
    0x080001b4   0x00000000   Code   RO         8622    .ARM.Collect$$$$00000008  mc_w.l(entry7b.o)
    0x080001b4   0x00000000   Code   RO         8624    .ARM.Collect$$$$0000000A  mc_w.l(entry8b.o)
    0x080001b4   0x00000008   Code   RO         8625    .ARM.Collect$$$$0000000B  mc_w.l(entry9a.o)
    0x080001bc   0x00000000   Code   RO         8627    .ARM.Collect$$$$0000000D  mc_w.l(entry10a.o)
    0x080001bc   0x00000000   Code   RO         8629    .ARM.Collect$$$$0000000F  mc_w.l(entry11a.o)
    0x080001bc   0x00000004   Code   RO         8618    .ARM.Collect$$$$00002712  mc_w.l(entry2.o)
    0x080001c0   0x000000b6   Code   RO         8016    .emb_text           port.o
    0x08000276   0x00000002   PAD
    0x08000278   0x00000024   Code   RO         2309    .text               startup_stm32f427x.o
    0x0800029c   0x00000024   Code   RO         8269    .text               mc_w.l(memcpya.o)
    0x080002c0   0x00000024   Code   RO         8271    .text               mc_w.l(memseta.o)
    0x080002e4   0x000000e4   Code   RO         8568    .text               mf_w.l(dmul.o)
    0x080003c8   0x000000de   Code   RO         8570    .text               mf_w.l(ddiv.o)
    0x080004a6   0x00000026   Code   RO         8576    .text               mf_w.l(f2d.o)
    0x080004cc   0x00000030   Code   RO         8578    .text               mf_w.l(cdcmple.o)
    0x080004fc   0x00000030   Code   RO         8580    .text               mf_w.l(cdrcmple.o)
    0x0800052c   0x00000038   Code   RO         8582    .text               mf_w.l(d2f.o)
    0x08000564   0x00000000   Code   RO         8645    .text               mc_w.l(iusefp.o)
    0x08000564   0x0000006e   Code   RO         8646    .text               mf_w.l(fepilogue.o)
    0x080005d2   0x000000ba   Code   RO         8648    .text               mf_w.l(depilogue.o)
    0x0800068c   0x0000014e   Code   RO         8650    .text               mf_w.l(dadd.o)
    0x080007da   0x000000a2   Code   RO         8652    .text               mf_w.l(dsqrt.o)
    0x0800087c   0x00000024   Code   RO         8656    .text               mc_w.l(init.o)
    0x080008a0   0x0000001e   Code   RO         8658    .text               mc_w.l(llshl.o)
    0x080008be   0x00000020   Code   RO         8660    .text               mc_w.l(llushr.o)
    0x080008de   0x00000024   Code   RO         8662    .text               mc_w.l(llsshr.o)
    0x08000902   0x00000056   Code   RO         8672    .text               mc_w.l(__dczerorl2.o)
    0x08000958   0x00000030   Code   RO         1638    i.Append_CRC16_Check_Sum  mf_crc16.o
    0x08000988   0x00000024   Code   RO         1669    i.Append_CRC8_Check_Sum  mf_crc8.o
    0x080009ac   0x000000cc   Code   RO          968    i.BSP_IST8310_Init  mpu6500_driver.o
    0x08000a78   0x00000050   Code   RO          501    i.CAN1ExistEmptMailBox  bsp_can1.o
    0x08000ac8   0x00000110   Code   RO          502    i.CAN1_ConfigInit   bsp_can1.o
    0x08000bd8   0x00000048   Code   RO          503    i.CAN1_RX0_IRQHandler  bsp_can1.o
    0x08000c20   0x00000014   Code   RO          504    i.CAN1_Receive_Enable  bsp_can1.o
    0x08000c34   0x0000004c   Code   RO          505    i.CAN1_SendBlock    bsp_can1.o
    0x08000c80   0x0000001c   Code   RO          507    i.CAN1_TX_IRQHandler  bsp_can1.o
    0x08000c9c   0x00000050   Code   RO          579    i.CAN2ExistEmptMailBox  bsp_can2.o
    0x08000cec   0x00000134   Code   RO          580    i.CAN2_ConfigInit   bsp_can2.o
    0x08000e20   0x00000030   Code   RO          581    i.CAN2_RX0_IRQHandler  bsp_can2.o
    0x08000e50   0x0000004c   Code   RO          582    i.CAN2_SendBlock    bsp_can2.o
    0x08000e9c   0x0000001c   Code   RO          583    i.CAN2_TX_IRQHandler  bsp_can2.o
    0x08000eb8   0x00000038   Code   RO         2611    i.CAN_ClearFlag     stm32f4xx_can.o
    0x08000ef0   0x000000a8   Code   RO         2612    i.CAN_ClearITPendingBit  stm32f4xx_can.o
    0x08000f98   0x00000038   Code   RO         2614    i.CAN_DeInit        stm32f4xx_can.o
    0x08000fd0   0x00000108   Code   RO         2616    i.CAN_FilterInit    stm32f4xx_can.o
    0x080010d8   0x00000120   Code   RO         2618    i.CAN_GetITStatus   stm32f4xx_can.o
    0x080011f8   0x00000012   Code   RO         2622    i.CAN_ITConfig      stm32f4xx_can.o
    0x0800120a   0x00000114   Code   RO         2623    i.CAN_Init          stm32f4xx_can.o
    0x0800131e   0x000000f0   Code   RO         2626    i.CAN_Receive       stm32f4xx_can.o
    0x0800140e   0x00000020   Code   RO         2629    i.CAN_StructInit    stm32f4xx_can.o
    0x0800142e   0x00000126   Code   RO         2631    i.CAN_Transmit      stm32f4xx_can.o
    0x08001554   0x00000150   Code   RO         1976    i.Can1_ReceiveGimbalMsgProcess  gimbalctrl_task.o
    0x080016a4   0x00000040   Code   RO         2102    i.Can1_ReceiveShooterMsgProcess  shooterctrl_task.o
    0x080016e4   0x0000005c   Code   RO         1977    i.Can2_ReceiveGyroMsgProcess  gimbalctrl_task.o
    0x08001740   0x00000044   Code   RO          584    i.Can2_Send_StdMsg  bsp_can2.o
    0x08001784   0x00000044   Code   RO          508    i.Can_Send_StdMsg   bsp_can1.o
    0x080017c8   0x00000012   Code   RO         2634    i.CheckITStatus     stm32f4xx_can.o
    0x080017da   0x00000016   Code   RO         3349    i.DMA_Cmd           stm32f4xx_dma.o
    0x080017f0   0x00000158   Code   RO         3350    i.DMA_DeInit        stm32f4xx_dma.o
    0x08001948   0x00000008   Code   RO         3355    i.DMA_GetCurrDataCounter  stm32f4xx_dma.o
    0x08001950   0x00000014   Code   RO         3356    i.DMA_GetCurrentMemoryTarget  stm32f4xx_dma.o
    0x08001964   0x00000058   Code   RO         3361    i.DMA_Init          stm32f4xx_dma.o
    0x080019bc   0x00000004   Code   RO         3364    i.DMA_SetCurrDataCounter  stm32f4xx_dma.o
    0x080019c0   0x00000022   Code   RO         3365    i.DMA_StructInit    stm32f4xx_dma.o
    0x080019e2   0x00000002   PAD
    0x080019e4   0x00000028   Code   RO         1095    i.EXTI1_IRQHandler  mpu6500_int.o
    0x08001a0c   0x0000000c   Code   RO         3611    i.EXTI_ClearFlag    stm32f4xx_exti.o
    0x08001a18   0x0000000c   Code   RO         3612    i.EXTI_ClearITPendingBit  stm32f4xx_exti.o
    0x08001a24   0x00000018   Code   RO         3616    i.EXTI_GetITStatus  stm32f4xx_exti.o
    0x08001a3c   0x00000094   Code   RO         3617    i.EXTI_Init         stm32f4xx_exti.o
    0x08001ad0   0x00000104   Code   RO         1699    i.EncoderProcess    encoder.o
    0x08001bd4   0x00000010   Code   RO         1267    i.FIFO_S_CountUsed  fifo.o
    0x08001be4   0x0000003c   Code   RO         1268    i.FIFO_S_Create     fifo.o
    0x08001c20   0x0000003a   Code   RO         1271    i.FIFO_S_Get        fifo.o
    0x08001c5a   0x0000003e   Code   RO         1273    i.FIFO_S_Init       fifo.o
    0x08001c98   0x00000018   Code   RO         1274    i.FIFO_S_IsEmpty    fifo.o
    0x08001cb0   0x00000044   Code   RO         1277    i.FIFO_S_Put        fifo.o
    0x08001cf4   0x00000062   Code   RO         1278    i.FIFO_S_Puts       fifo.o
    0x08001d56   0x00000060   Code   RO         2166    i.Forward_Packet    protocol_task.o
    0x08001db6   0x00000002   PAD
    0x08001db8   0x000000e4   Code   RO         1978    i.GMPitchControlLoop  gimbalctrl_task.o
    0x08001e9c   0x00000250   Code   RO         1979    i.GMYawControlLoop  gimbalctrl_task.o
    0x080020ec   0x00000090   Code   RO         4152    i.GPIO_Init         stm32f4xx_gpio.o
    0x0800217c   0x00000046   Code   RO         4153    i.GPIO_PinAFConfig  stm32f4xx_gpio.o
    0x080021c2   0x00000012   Code   RO         4156    i.GPIO_ReadInputDataBit  stm32f4xx_gpio.o
    0x080021d4   0x00000004   Code   RO         4159    i.GPIO_ResetBits    stm32f4xx_gpio.o
    0x080021d8   0x00000004   Code   RO         4160    i.GPIO_SetBits      stm32f4xx_gpio.o
    0x080021dc   0x00000012   Code   RO         4161    i.GPIO_StructInit   stm32f4xx_gpio.o
    0x080021ee   0x00000008   Code   RO         4162    i.GPIO_ToggleBits   stm32f4xx_gpio.o
    0x080021f6   0x00000002   PAD
    0x080021f8   0x0000005c   Code   RO         1980    i.GYRO_RST          gimbalctrl_task.o
    0x08002254   0x00000008   Code   RO         2167    i.GetCan1RxFifo     protocol_task.o
    0x0800225c   0x0000001a   Code   RO         1700    i.GetEncoderBias    encoder.o
    0x08002276   0x00000002   PAD
    0x08002278   0x0000014c   Code   RO         1816    i.GetPitchYawGxGyGz  imu_task.o
    0x080023c4   0x0000000c   Code   RO         1981    i.GetSubWorkState   gimbalctrl_task.o
    0x080023d0   0x00000008   Code   RO         2169    i.GetUsart3RxFifo   protocol_task.o
    0x080023d8   0x00000008   Code   RO         2170    i.GetUsart6RxFifo   protocol_task.o
    0x080023e0   0x0000000c   Code   RO         1982    i.GetWorkState      gimbalctrl_task.o
    0x080023ec   0x00000034   Code   RO         1639    i.Get_CRC16_Check_Sum  mf_crc16.o
    0x08002420   0x00000024   Code   RO         1670    i.Get_CRC8_Check_Sum  mf_crc8.o
    0x08002444   0x0000011c   Code   RO         1983    i.GimabalCtrl_Task  gimbalctrl_task.o
    0x08002560   0x000000b8   Code   RO         1984    i.GimbalParamInit   gimbalctrl_task.o
    0x08002618   0x000007e8   Code   RO         1817    i.IMU_AHRSupdate    imu_task.o
    0x08002e00   0x00000022   Code   RO         1818    i.IMU_Init          imu_task.o
    0x08002e22   0x00000002   PAD
    0x08002e24   0x0000001c   Code   RO         1819    i.IMU_Task          imu_task.o
    0x08002e40   0x0000004c   Code   RO         1820    i.IMU_getQ          imu_task.o
    0x08002e8c   0x000000f8   Code   RO         1821    i.IMU_getValues     imu_task.o
    0x08002f84   0x00000234   Code   RO         1822    i.IMU_getYawPitchRoll  imu_task.o
    0x080031b8   0x00000130   Code   RO          969    i.IST8310_DataSave  mpu6500_driver.o
    0x080032e8   0x00000010   Code   RO          970    i.IST8310_ReadData  mpu6500_driver.o
    0x080032f8   0x0000003c   Code   RO          971    i.IST8310_Reg_Read_By_MPU6500  mpu6500_driver.o
    0x08003334   0x00000040   Code   RO          972    i.IST8310_Reg_Write_By_MPU6500  mpu6500_driver.o
    0x08003374   0x0000006c   Code   RO          973    i.IST8310_getRaw    mpu6500_driver.o
    0x080033e0   0x00000060   Code   RO          975    i.IST8310_mgetValues  mpu6500_driver.o
    0x08003440   0x00000016   Code   RO         2171    i.InitUnpackObj     protocol_task.o
    0x08003456   0x0000012a   Code   RO         1896    i.KeyMouseFsm       remote_task.o
    0x08003580   0x0000001c   Code   RO         1729    i.LED_G_Task        led_task.o
    0x0800359c   0x00000028   Code   RO         1730    i.LED_R_Task        led_task.o
    0x080035c4   0x00000050   Code   RO          465    i.Laser_Configuration  led.o
    0x08003614   0x00000068   Code   RO          466    i.Led_Configuration  led.o
    0x0800367c   0x00000110   Code   RO          976    i.MPU6500_DataSave  mpu6500_driver.o
    0x0800378c   0x0000004e   Code   RO          977    i.MPU6500_Enable    mpu6500_driver.o
    0x080037da   0x0000008c   Code   RO          978    i.MPU6500_I2C_AutoReadConfig  mpu6500_driver.o
    0x08003866   0x00000024   Code   RO          979    i.MPU6500_I2C_SLV1_SLV4_Config  mpu6500_driver.o
    0x0800388a   0x00000020   Code   RO          980    i.MPU6500_I2C_SLV1_SLV4_Disable  mpu6500_driver.o
    0x080038aa   0x00000158   Code   RO          981    i.MPU6500_Init      mpu6500_driver.o
    0x08003a02   0x00000002   PAD
    0x08003a04   0x00000080   Code   RO         1096    i.MPU6500_IntConfig  mpu6500_int.o
    0x08003a84   0x00000030   Code   RO          982    i.MPU6500_RWAddr    mpu6500_driver.o
    0x08003ab4   0x00000018   Code   RO          983    i.MPU6500_ReadData  mpu6500_driver.o
    0x08003acc   0x000000d4   Code   RO         1128    i.MPU6500_SpiConfig  mpu6500_spi.o
    0x08003ba0   0x00000188   Code   RO          984    i.MPU6500_getMotion6  mpu6500_driver.o
    0x08003d28   0x00000020   Code   RO         2172    i.ModuleCmdIdFuncTableInit  protocol_task.o
    0x08003d48   0x00000078   Code   RO         2316    i.NVIC_Init         misc.o
    0x08003dc0   0x00000014   Code   RO         2317    i.NVIC_PriorityGroupConfig  misc.o
    0x08003dd4   0x000000ea   Code   RO         1170    i.PID_Calc          pid_regulator.o
    0x08003ebe   0x00000002   PAD
    0x08003ec0   0x00000038   Code   RO         1171    i.PID_Reset         pid_regulator.o
    0x08003ef8   0x000000c4   Code   RO         2173    i.Potocol_Transmit  protocol_task.o
    0x08003fbc   0x00000054   Code   RO         2174    i.ProPackageHandle  protocol_task.o
    0x08004010   0x0000007c   Code   RO         2176    i.ProtocolInit      protocol_task.o
    0x0800408c   0x0000019a   Code   RO         2177    i.ProtocolUnpack    protocol_task.o
    0x08004226   0x00000002   PAD
    0x08004228   0x0000005c   Code   RO         2178    i.Protocol_Task     protocol_task.o
    0x08004284   0x00000020   Code   RO         5048    i.RCC_AHB1PeriphClockCmd  stm32f4xx_rcc.o
    0x080042a4   0x00000020   Code   RO         5057    i.RCC_APB1PeriphClockCmd  stm32f4xx_rcc.o
    0x080042c4   0x00000020   Code   RO         5059    i.RCC_APB1PeriphResetCmd  stm32f4xx_rcc.o
    0x080042e4   0x00000020   Code   RO         5060    i.RCC_APB2PeriphClockCmd  stm32f4xx_rcc.o
    0x08004304   0x00000020   Code   RO         5062    i.RCC_APB2PeriphResetCmd  stm32f4xx_rcc.o
    0x08004324   0x000000e8   Code   RO         5069    i.RCC_GetClocksFreq  stm32f4xx_rcc.o
    0x0800440c   0x00000040   Code   RO         1200    i.RampCalc          ramp.o
    0x0800444c   0x00000008   Code   RO         1201    i.RampInit          ramp.o
    0x08004454   0x00000012   Code   RO         1202    i.RampIsOverflow    ramp.o
    0x08004466   0x00000006   Code   RO         1203    i.RampResetCounter  ramp.o
    0x0800446c   0x00000004   Code   RO         1204    i.RampSetCounter    ramp.o
    0x08004470   0x00000004   Code   RO         1205    i.RampSetScale      ramp.o
    0x08004474   0x0000009c   Code   RO         1897    i.RemoteCmdProcess  remote_task.o
    0x08004510   0x000000b8   Code   RO         1898    i.RemoteDataPrcess  remote_task.o
    0x080045c8   0x000000a0   Code   RO         1899    i.Remote_Task       remote_task.o
    0x08004668   0x0000004c   Code   RO         1129    i.SPI5_ReadData     mpu6500_spi.o
    0x080046b4   0x00000038   Code   RO         1130    i.SPI5_ReadWriteByte  mpu6500_spi.o
    0x080046ec   0x00000018   Code   RO         6182    i.SPI_Cmd           stm32f4xx_spi.o
    0x08004704   0x00000012   Code   RO         6190    i.SPI_I2S_GetFlagStatus  stm32f4xx_spi.o
    0x08004716   0x00000006   Code   RO         6193    i.SPI_I2S_ReceiveData  stm32f4xx_spi.o
    0x0800471c   0x00000004   Code   RO         6194    i.SPI_I2S_SendData  stm32f4xx_spi.o
    0x08004720   0x0000003c   Code   RO         6195    i.SPI_Init          stm32f4xx_spi.o
    0x0800475c   0x00000018   Code   RO         6197    i.SPI_SSOutputCmd   stm32f4xx_spi.o
    0x08004774   0x00000040   Code   RO         6347    i.SYSCFG_EXTILineConfig  stm32f4xx_syscfg.o
    0x080047b4   0x00000050   Code   RO         1985    i.SetGimbalMotorOutput  gimbalctrl_task.o
    0x08004804   0x00000034   Code   RO         2103    i.SetShooterMotorOutput  shooterctrl_task.o
    0x08004838   0x00000120   Code   RO         2268    i.SetSysClock       system_stm32f4xx.o
    0x08004958   0x0000005c   Code   RO         1988    i.Set_Gimbal_Current  gimbalctrl_task.o
    0x080049b4   0x00000050   Code   RO         2104    i.Set_Shooter_Current  shooterctrl_task.o
    0x08004a04   0x00000030   Code   RO          467    i.ShootKey_Configuration  led.o
    0x08004a34   0x00000458   Code   RO         2105    i.ShooterControlLoop  shooterctrl_task.o
    0x08004e8c   0x00000094   Code   RO         2106    i.ShooterCtrl_Task  shooterctrl_task.o
    0x08004f20   0x00000040   Code   RO         2107    i.ShooterParamInit  shooterctrl_task.o
    0x08004f60   0x00000034   Code   RO         8017    i.SysTick_Handler   port.o
    0x08004f94   0x00000068   Code   RO         2270    i.SystemInit        system_stm32f4xx.o
    0x08004ffc   0x000000d8   Code   RO          808    i.TIM12_Configuration  bsp_timer12.o
    0x080050d4   0x00000068   Code   RO          754    i.TIM6_Configuration  bsp_timer6.o
    0x0800513c   0x00000030   Code   RO          755    i.TIM6_DAC_IRQHandler  bsp_timer6.o
    0x0800516c   0x00000024   Code   RO          756    i.TIM6_Start        bsp_timer6.o
    0x08005190   0x00000018   Code   RO         6408    i.TIM_ARRPreloadConfig  stm32f4xx_tim.o
    0x080051a8   0x00000006   Code   RO         6414    i.TIM_ClearFlag     stm32f4xx_tim.o
    0x080051ae   0x00000006   Code   RO         6415    i.TIM_ClearITPendingBit  stm32f4xx_tim.o
    0x080051b4   0x00000018   Code   RO         6420    i.TIM_Cmd           stm32f4xx_tim.o
    0x080051cc   0x00000022   Code   RO         6441    i.TIM_GetITStatus   stm32f4xx_tim.o
    0x080051ee   0x00000012   Code   RO         6445    i.TIM_ITConfig      stm32f4xx_tim.o
    0x08005200   0x0000007c   Code   RO         6449    i.TIM_OC1Init       stm32f4xx_tim.o
    0x0800527c   0x00000012   Code   RO         6452    i.TIM_OC1PreloadConfig  stm32f4xx_tim.o
    0x0800528e   0x00000002   PAD
    0x08005290   0x000000a4   Code   RO         6454    i.TIM_OC2Init       stm32f4xx_tim.o
    0x08005334   0x0000001a   Code   RO         6457    i.TIM_OC2PreloadConfig  stm32f4xx_tim.o
    0x0800534e   0x00000002   PAD
    0x08005350   0x00000084   Code   RO         6492    i.TIM_TimeBaseInit  stm32f4xx_tim.o
    0x080053d4   0x00000034   Code   RO          872    i.UART3_PrintBlock  bsp_usart3.o
    0x08005408   0x00000034   Code   RO          923    i.UART6_PrintBlock  bsp_usart6.o
    0x0800543c   0x00000128   Code   RO          832    i.USART1_Configuration  bsp_usart1.o
    0x08005564   0x0000008c   Code   RO          833    i.USART1_IRQHandler  bsp_usart1.o
    0x080055f0   0x000000d4   Code   RO          874    i.USART3_Configuration  bsp_usart3.o
    0x080056c4   0x000000cc   Code   RO          875    i.USART3_IRQHandler  bsp_usart3.o
    0x08005790   0x000000cc   Code   RO          926    i.USART6_IRQHandler  bsp_usart6.o
    0x0800585c   0x00000012   Code   RO         6970    i.USART_ClearFlag   stm32f4xx_usart.o
    0x0800586e   0x0000001e   Code   RO         6971    i.USART_ClearITPendingBit  stm32f4xx_usart.o
    0x0800588c   0x00000018   Code   RO         6974    i.USART_Cmd         stm32f4xx_usart.o
    0x080058a4   0x00000012   Code   RO         6975    i.USART_DMACmd      stm32f4xx_usart.o
    0x080058b6   0x00000002   PAD
    0x080058b8   0x000000f0   Code   RO         6976    i.USART_DeInit      stm32f4xx_usart.o
    0x080059a8   0x00000054   Code   RO         6978    i.USART_GetITStatus  stm32f4xx_usart.o
    0x080059fc   0x0000004a   Code   RO         6980    i.USART_ITConfig    stm32f4xx_usart.o
    0x08005a46   0x00000002   PAD
    0x08005a48   0x000000d4   Code   RO         6981    i.USART_Init        stm32f4xx_usart.o
    0x08005b1c   0x0000000a   Code   RO         6988    i.USART_ReceiveData  stm32f4xx_usart.o
    0x08005b26   0x00000008   Code   RO         6991    i.USART_SendData    stm32f4xx_usart.o
    0x08005b2e   0x00000018   Code   RO         6997    i.USART_StructInit  stm32f4xx_usart.o
    0x08005b46   0x00000002   PAD
    0x08005b48   0x00000040   Code   RO         1640    i.Verify_CRC16_Check_Sum  mf_crc16.o
    0x08005b88   0x0000002e   Code   RO         1671    i.Verify_CRC8_Check_Sum  mf_crc8.o
    0x08005bb6   0x00000002   PAD
    0x08005bb8   0x000000e0   Code   RO         1989    i.WorkStateFSM      gimbalctrl_task.o
    0x08005c98   0x00000030   Code   RO         8612    i.__ARM_fpclassify  m_wm.l(fpclassify.o)
    0x08005cc8   0x00000360   Code   RO         8222    i.__hardfp_asin     m_wm.l(asin.o)
    0x08006028   0x000002d8   Code   RO         8584    i.__hardfp_atan     m_wm.l(atan.o)
    0x08006300   0x000001f0   Code   RO         8236    i.__hardfp_atan2    m_wm.l(atan2.o)
    0x080064f0   0x00000014   Code   RO         8248    i.__hardfp_fabs     m_wm.l(fabs.o)
    0x08006504   0x0000007a   Code   RO         8254    i.__hardfp_sqrt     m_wm.l(sqrt.o)
    0x0800657e   0x000000f8   Code   RO         8614    i.__kernel_poly     m_wm.l(poly.o)
    0x08006676   0x00000014   Code   RO         8599    i.__mathlib_dbl_infnan  m_wm.l(dunder.o)
    0x0800668a   0x00000014   Code   RO         8600    i.__mathlib_dbl_infnan2  m_wm.l(dunder.o)
    0x0800669e   0x00000002   PAD
    0x080066a0   0x00000020   Code   RO         8601    i.__mathlib_dbl_invalid  m_wm.l(dunder.o)
    0x080066c0   0x00000020   Code   RO         8604    i.__mathlib_dbl_underflow  m_wm.l(dunder.o)
    0x080066e0   0x0000000e   Code   RO         8666    i.__scatterload_copy  mc_w.l(handlers.o)
    0x080066ee   0x00000002   Code   RO         8667    i.__scatterload_null  mc_w.l(handlers.o)
    0x080066f0   0x0000000e   Code   RO         8668    i.__scatterload_zeroinit  mc_w.l(handlers.o)
    0x080066fe   0x00000002   PAD
    0x08006700   0x0000000c   Code   RO         8640    i.__set_errno       mc_w.l(errno.o)
    0x0800670c   0x00000010   Code   RO         8586    i.atan              m_wm.l(atan.o)
    0x0800671c   0x0000003c   Code   RO          327    i.bsp_init          bsp_init.o
    0x08006758   0x00000054   Code   RO         1900    i.clearRemoteRef    remote_task.o
    0x080067ac   0x0000001c   Code   RO         1422    i.delay_ms          delay.o
    0x080067c8   0x00000018   Code   RO         8250    i.fabs              m_wm.l(fabs.o)
    0x080067e0   0x00000030   Code   RO         1901    i.getKBState        remote_task.o
    0x08006810   0x0000042c   Code   RO         1902    i.getRemoteRef      remote_task.o
    0x08006c3c   0x0000000c   Code   RO         1990    i.gimbalCtrlQueue_Get  gimbalctrl_task.o
    0x08006c48   0x0000003c   Code   RO         1824    i.invSqrt           imu_task.o
    0x08006c84   0x00000114   Code   RO            4    i.main              main.o
    0x08006d98   0x0000006c   Code   RO         8541    i.malloc            mc_w.l(malloc.o)
    0x08006e04   0x00000098   Code   RO         7516    i.prvAddCurrentTaskToDelayedList  tasks.o
    0x08006e9c   0x000000b8   Code   RO         7517    i.prvAddNewTaskToReadyList  tasks.o
    0x08006f54   0x00000064   Code   RO         7886    i.prvCheckForValidListAndQueue  timers.o
    0x08006fb8   0x00000064   Code   RO         7518    i.prvCheckTasksWaitingTermination  tasks.o
    0x0800701c   0x0000002a   Code   RO         7271    i.prvCopyDataFromQueue  queue.o
    0x08007046   0x0000007c   Code   RO         7272    i.prvCopyDataToQueue  queue.o
    0x080070c2   0x00000012   Code   RO         7519    i.prvDeleteTCB      tasks.o
    0x080070d4   0x00000028   Code   RO         7887    i.prvGetNextExpireTime  timers.o
    0x080070fc   0x0000007c   Code   RO         8087    i.prvHeapInit       heap_4.o
    0x08007178   0x0000000c   Code   RO         7520    i.prvIdleTask       tasks.o
    0x08007184   0x0000002e   Code   RO         7274    i.prvInitialiseNewQueue  queue.o
    0x080071b2   0x00000092   Code   RO         7521    i.prvInitialiseNewTask  tasks.o
    0x08007244   0x00000068   Code   RO         7522    i.prvInitialiseTaskLists  tasks.o
    0x080072ac   0x00000068   Code   RO         8088    i.prvInsertBlockIntoFreeList  heap_4.o
    0x08007314   0x00000058   Code   RO         7889    i.prvInsertTimerInActiveList  timers.o
    0x0800736c   0x0000001a   Code   RO         7275    i.prvIsQueueEmpty   queue.o
    0x08007386   0x0000001e   Code   RO         7276    i.prvIsQueueFull    queue.o
    0x080073a4   0x00000052   Code   RO         7277    i.prvNotifyQueueSetContainer  queue.o
    0x080073f6   0x00000002   PAD
    0x080073f8   0x0000004c   Code   RO         7890    i.prvProcessExpiredTimer  timers.o
    0x08007444   0x000000d0   Code   RO         7891    i.prvProcessReceivedCommands  timers.o
    0x08007514   0x00000074   Code   RO         7892    i.prvProcessTimerOrBlockTask  timers.o
    0x08007588   0x00000034   Code   RO         7524    i.prvResetNextTaskUnblockTime  tasks.o
    0x080075bc   0x0000002c   Code   RO         7893    i.prvSampleTimeNow  timers.o
    0x080075e8   0x00000084   Code   RO         7894    i.prvSwitchTimerLists  timers.o
    0x0800766c   0x00000016   Code   RO         8018    i.prvTaskExitError  port.o
    0x08007682   0x0000001e   Code   RO         8136    i.prvTestWaitCondition  event_groups.o
    0x080076a0   0x0000001a   Code   RO         7895    i.prvTimerTask      timers.o
    0x080076ba   0x00000092   Code   RO         7278    i.prvUnlockQueue    queue.o
    0x0800774c   0x000000dc   Code   RO         8089    i.pvPortMalloc      heap_4.o
    0x08007828   0x00000020   Code   RO         7528    i.pvTaskIncrementMutexHeldCount  tasks.o
    0x08007848   0x0000002c   Code   RO         8019    i.pxPortInitialiseStack  port.o
    0x08007874   0x0000000c   Code   RO         1903    i.remoteQueue_Get   remote_task.o
    0x08007880   0x0000000c   Code   RO         2108    i.shooterCtrlQueue_Get  shooterctrl_task.o
    0x0800788c   0x0000006e   Code   RO         8256    i.sqrt              m_wm.l(sqrt.o)
    0x080078fa   0x00000002   PAD
    0x080078fc   0x000000b0   Code   RO         1904    i.updateKBFsm       remote_task.o
    0x080079ac   0x00000028   Code   RO         7225    i.uxListRemove      list.o
    0x080079d4   0x0000001c   Code   RO         7535    i.uxTaskResetEventItemValue  tasks.o
    0x080079f0   0x00000002   Code   RO            5    i.vApplicationIdleHook  main.o
    0x080079f2   0x00000016   Code   RO            6    i.vApplicationMallocFailedHook  main.o
    0x08007a08   0x00000002   Code   RO            7    i.vApplicationStackOverflowHook  main.o
    0x08007a0a   0x00000002   Code   RO            8    i.vApplicationTickHook  main.o
    0x08007a0c   0x00000010   Code   RO         8140    i.vEventGroupSetBitsCallback  event_groups.o
    0x08007a1c   0x0000001a   Code   RO         7226    i.vListInitialise   list.o
    0x08007a36   0x00000006   Code   RO         7227    i.vListInitialiseItem  list.o
    0x08007a3c   0x00000034   Code   RO         7228    i.vListInsert       list.o
    0x08007a70   0x00000018   Code   RO         7229    i.vListInsertEnd    list.o
    0x08007a88   0x00000024   Code   RO         8021    i.vPortEnterCritical  port.o
    0x08007aac   0x00000020   Code   RO         8022    i.vPortExitCritical  port.o
    0x08007acc   0x00000048   Code   RO         8090    i.vPortFree         heap_4.o
    0x08007b14   0x00000020   Code   RO         8023    i.vPortSetupTimerInterrupt  port.o
    0x08007b34   0x0000002c   Code   RO         7284    i.vQueueAddToRegistry  queue.o
    0x08007b60   0x0000004a   Code   RO         7288    i.vQueueWaitForMessageRestricted  queue.o
    0x08007baa   0x00000002   PAD
    0x08007bac   0x00000034   Code   RO         7536    i.vTaskDelay        tasks.o
    0x08007be0   0x0000000c   Code   RO         7543    i.vTaskMissedYield  tasks.o
    0x08007bec   0x00000020   Code   RO         7545    i.vTaskPlaceOnEventList  tasks.o
    0x08007c0c   0x00000028   Code   RO         7546    i.vTaskPlaceOnEventListRestricted  tasks.o
    0x08007c34   0x0000002c   Code   RO         7547    i.vTaskPlaceOnUnorderedEventList  tasks.o
    0x08007c60   0x000000b0   Code   RO         7548    i.vTaskPriorityInherit  tasks.o
    0x08007d10   0x00000018   Code   RO         7552    i.vTaskSetTimeOutState  tasks.o
    0x08007d28   0x00000078   Code   RO         7553    i.vTaskStartScheduler  tasks.o
    0x08007da0   0x00000010   Code   RO         7555    i.vTaskSuspendAll   tasks.o
    0x08007db0   0x000000d8   Code   RO         7556    i.vTaskSwitchContext  tasks.o
    0x08007e88   0x0000001a   Code   RO         8143    i.xEventGroupCreate  event_groups.o
    0x08007ea2   0x00000092   Code   RO         8145    i.xEventGroupSetBits  event_groups.o
    0x08007f34   0x00000024   Code   RO         8146    i.xEventGroupSetBitsFromISR  event_groups.o
    0x08007f58   0x000000c8   Code   RO         8148    i.xEventGroupWaitBits  event_groups.o
    0x08008020   0x00000048   Code   RO         8024    i.xPortStartScheduler  port.o
    0x08008068   0x00000038   Code   RO         7293    i.xQueueGenericCreate  queue.o
    0x080080a0   0x0000015c   Code   RO         7294    i.xQueueGenericReceive  queue.o
    0x080081fc   0x00000080   Code   RO         7295    i.xQueueGenericReset  queue.o
    0x0800827c   0x00000138   Code   RO         7296    i.xQueueGenericSend  queue.o
    0x080083b4   0x0000009c   Code   RO         7297    i.xQueueGenericSendFromISR  queue.o
    0x08008450   0x0000005c   Code   RO         7557    i.xTaskCheckForTimeOut  tasks.o
    0x080084ac   0x00000060   Code   RO         7558    i.xTaskCreate       tasks.o
    0x0800850c   0x00000020   Code   RO         7562    i.xTaskGetSchedulerState  tasks.o
    0x0800852c   0x0000000c   Code   RO         7563    i.xTaskGetTickCount  tasks.o
    0x08008538   0x00000128   Code   RO         7565    i.xTaskIncrementTick  tasks.o
    0x08008660   0x00000084   Code   RO         7568    i.xTaskPriorityDisinherit  tasks.o
    0x080086e4   0x00000080   Code   RO         7569    i.xTaskRemoveFromEventList  tasks.o
    0x08008764   0x00000070   Code   RO         7570    i.xTaskRemoveFromUnorderedEventList  tasks.o
    0x080087d4   0x000000e8   Code   RO         7571    i.xTaskResumeAll    tasks.o
    0x080088bc   0x0000003c   Code   RO         7899    i.xTimerCreateTimerTask  timers.o
    0x080088f8   0x0000006c   Code   RO         7900    i.xTimerGenericCommand  timers.o
    0x08008964   0x00000034   Code   RO         7906    i.xTimerPendFunctionCallFromISR  timers.o
    0x08008998   0x00000200   Data   RO         1641    .constdata          mf_crc16.o
    0x08008b98   0x00000101   Data   RO         1672    .constdata          mf_crc8.o
    0x08008c99   0x00000007   PAD
    0x08008ca0   0x00000050   Data   RO         8225    .constdata          m_wm.l(asin.o)
    0x08008cf0   0x00000098   Data   RO         8587    .constdata          m_wm.l(atan.o)
    0x08008d88   0x00000008   Data   RO         8616    .constdata          m_wm.l(qnan.o)
    0x08008d90   0x00000020   Data   RO         8664    Region$$Table       anon$$obj.o


    Execution Region RW_IRAM1 (Base: 0x20000000, Size: 0x00009078, Max: 0x00030000, ABSOLUTE, COMPRESSED[0x000000b0])

    Base Addr    Size         Type   Attr      Idx    E Section Name        Object

    0x20000000   0x0000000c   Data   RW            9    .data               main.o
    0x2000000c   0x00000004   Data   RW          758    .data               bsp_timer6.o
    0x20000010   0x00000004   Data   RW          835    .data               bsp_usart1.o
    0x20000014   0x00000004   Data   RW          877    .data               bsp_usart3.o
    0x20000018   0x00000004   Data   RW          927    .data               bsp_usart6.o
    0x2000001c   0x0000001a   Data   RW          987    .data               mpu6500_driver.o
    0x20000036   0x00000001   Data   RW         1097    .data               mpu6500_int.o
    0x20000037   0x00000001   PAD
    0x20000038   0x00000002   Data   RW         1642    .data               mf_crc16.o
    0x2000003a   0x00000002   PAD
    0x2000003c   0x00000058   Data   RW         1826    .data               imu_task.o
    0x20000094   0x00000064   Data   RW         1906    .data               remote_task.o
    0x200000f8   0x000001b6   Data   RW         1992    .data               gimbalctrl_task.o
    0x200002ae   0x00000002   PAD
    0x200002b0   0x000000d4   Data   RW         2110    .data               shooterctrl_task.o
    0x20000384   0x00000002   Data   RW         2180    .data               protocol_task.o
    0x20000386   0x00000002   PAD
    0x20000388   0x00000014   Data   RW         2271    .data               system_stm32f4xx.o
    0x2000039c   0x00000010   Data   RW         5101    .data               stm32f4xx_rcc.o
    0x200003ac   0x00000044   Data   RW         7574    .data               tasks.o
    0x200003f0   0x00000014   Data   RW         7908    .data               timers.o
    0x20000404   0x00000004   Data   RW         8025    .data               port.o
    0x20000408   0x00000018   Data   RW         8095    .data               heap_4.o
    0x20000420   0x00000004   Data   RW         8636    .data               mc_w.l(mvars.o)
    0x20000424   0x00000004   Data   RW         8637    .data               mc_w.l(mvars.o)
    0x20000428   0x00000004   Data   RW         8641    .data               mc_w.l(errno.o)
    0x2000042c   0x00000014   Zero   RW          834    .bss                bsp_usart1.o
    0x20000440   0x00000138   Zero   RW          986    .bss                mpu6500_driver.o
    0x20000578   0x0000004c   Zero   RW         1825    .bss                imu_task.o
    0x200005c4   0x00000074   Zero   RW         1905    .bss                remote_task.o
    0x20000638   0x000000a4   Zero   RW         1991    .bss                gimbalctrl_task.o
    0x200006dc   0x00000043   Zero   RW         2109    .bss                shooterctrl_task.o
    0x2000071f   0x00000001   PAD
    0x20000720   0x00000a24   Zero   RW         2179    .bss                protocol_task.o
    0x20001144   0x00000040   Zero   RW         7308    .bss                queue.o
    0x20001184   0x000000c8   Zero   RW         7573    .bss                tasks.o
    0x2000124c   0x00000028   Zero   RW         7907    .bss                timers.o
    0x20001274   0x00007800   Zero   RW         8094    .bss                heap_4.o
    0x20008a74   0x00000004   PAD
    0x20008a78   0x00000200   Zero   RW         2307    HEAP                startup_stm32f427x.o
    0x20008c78   0x00000400   Zero   RW         2306    STACK               startup_stm32f427x.o


==============================================================================

Image component sizes


      Code (inc. data)   RO Data    RW Data    ZI Data      Debug   Object Name

       616         40          0          0          0      10466   bsp_can1.o
       608         30          0          0          0       4169   bsp_can2.o
        60          6          0          0          0       2947   bsp_init.o
       216         10          0          0          0        678   bsp_timer12.o
       188         20          0          4          0       1824   bsp_timer6.o
       436         38          0          4         20       1943   bsp_usart1.o
       468         38          0          4          0       2747   bsp_usart3.o
       256         24          0          4          0       2000   bsp_usart6.o
        28          0          0          0          0        591   delay.o
       286         12          0          0          0       1506   encoder.o
       454         12          0          0          0       6032   event_groups.o
       386          0          0          0          0       4642   fifo.o
      2240        258          0        438        164      12289   gimbalctrl_task.o
       520         64          0         24      30720       3919   heap_4.o
      3366        260          0         88         76       7086   imu_task.o
       232         28          0          0          0       1567   led.o
        68         10          0          0          0        954   led_task.o
       148          0          0          0          0       4666   list.o
       304         96          0         12          0     348663   main.o
       164         14        512          2          0       3122   mf_crc16.o
       118          6        257          0          0       2650   mf_crc8.o
       140         24          0          0          0       1491   misc.o
      2218         80          0         26        312      14455   mpu6500_driver.o
       168         10          0          1          0       1370   mpu6500_int.o
       344         20          0          0          0       2173   mpu6500_spi.o
       290          6          0          0          0       1319   pid_regulator.o
       472         58          0          4          0       9772   port.o
      1080        102          0          2       2596       7651   protocol_task.o
      1614         22          0          0         64      20741   queue.o
       104          6          0          0          0       3374   ramp.o
      2186        162          0        100        116       8457   remote_task.o
      1532        190          0        212         67       6108   shooterctrl_task.o
        36          8        428          0       1536        816   startup_stm32f427x.o
      1710         26          0          0          0       7924   stm32f4xx_can.o
       520         26          0          0          0       5238   stm32f4xx_dma.o
       196         22          0          0          0       2521   stm32f4xx_exti.o
       266          0          0          0          0       4471   stm32f4xx_gpio.o
       392         48          0         16          0       5685   stm32f4xx_rcc.o
       136          0          0          0          0       3928   stm32f4xx_spi.o
        64          4          0          0          0        640   stm32f4xx_syscfg.o
       576         48          0          0          0       7267   stm32f4xx_tim.o
       742         42          0          0          0       7640   stm32f4xx_usart.o
       392         32          0         20          0       1785   system_stm32f4xx.o
      2692        392          0         68        200      30458   tasks.o
      1050        118          0         20         40       9431   timers.o

    ----------------------------------------------------------------------
     30116       2412       1236       1056      35916     589176   Object Totals
         0          0         32          0          0          0   (incl. Generated)
        34          0          7          7          5          0   (incl. Padding)

    ----------------------------------------------------------------------

      Code (inc. data)   RO Data    RW Data    ZI Data      Debug   Library Member Name

       864         94         80          0          0        280   asin.o
       744        106        152          0          0        352   atan.o
       496         64          0          0          0        192   atan2.o
       104         16          0          0          0        496   dunder.o
        44          0          0          0          0        248   fabs.o
        48          0          0          0          0        124   fpclassify.o
       248          0          0          0          0        152   poly.o
         0          0          8          0          0          0   qnan.o
       232          0          0          0          0        296   sqrt.o
        86          0          0          0          0          0   __dczerorl2.o
         0          0          0          0          0          0   entry.o
         0          0          0          0          0          0   entry10a.o
         0          0          0          0          0          0   entry11a.o
         8          4          0          0          0          0   entry2.o
         4          0          0          0          0          0   entry5.o
         0          0          0          0          0          0   entry7b.o
         0          0          0          0          0          0   entry8b.o
         8          4          0          0          0          0   entry9a.o
        12          6          0          4          0         68   errno.o
        30          0          0          0          0          0   handlers.o
        36          8          0          0          0         68   init.o
         0          0          0          0          0          0   iusefp.o
        30          0          0          0          0         68   llshl.o
        36          0          0          0          0         68   llsshr.o
        32          0          0          0          0         68   llushr.o
       108         16          0          0          0         84   malloc.o
        36          0          0          0          0         68   memcpya.o
        36          0          0          0          0        108   memseta.o
         0          0          0          8          0          0   mvars.o
        48          0          0          0          0         68   cdcmple.o
        48          0          0          0          0         68   cdrcmple.o
        56          0          0          0          0         88   d2f.o
       334          0          0          0          0        148   dadd.o
       222          0          0          0          0        100   ddiv.o
       186          0          0          0          0        176   depilogue.o
       228          0          0          0          0         96   dmul.o
       162          0          0          0          0        100   dsqrt.o
        38          0          0          0          0         68   f2d.o
       110          0          0          0          0        168   fepilogue.o

    ----------------------------------------------------------------------
      4680        318        240         12          0       3820   Library Totals
         6          0          0          0          0          0   (incl. Padding)

    ----------------------------------------------------------------------

      Code (inc. data)   RO Data    RW Data    ZI Data      Debug   Library Name

      2780        280        240          0          0       2140   m_wm.l
       462         38          0         12          0        600   mc_w.l
      1432          0          0          0          0       1080   mf_w.l

    ----------------------------------------------------------------------
      4680        318        240         12          0       3820   Library Totals

    ----------------------------------------------------------------------

==============================================================================


      Code (inc. data)   RO Data    RW Data    ZI Data      Debug   

     34796       2730       1476       1068      35916     565000   Grand Totals
     34796       2730       1476        176      35916     565000   ELF Image Totals (compressed)
     34796       2730       1476        176          0          0   ROM Totals

==============================================================================

    Total RO  Size (Code + RO Data)                36272 (  35.42kB)
    Total RW  Size (RW Data + ZI Data)             36984 (  36.12kB)
    Total ROM Size (Code + RO Data + RW Data)      36448 (  35.59kB)

==============================================================================

