<html>
<body>
<pre>
<h1>礦ision Build Log</h1>
<h2>Tool Versions:</h2>
IDE-Version: μVision V5.20.0.0
Copyright (C) 2016 ARM Ltd and ARM Germany GmbH. All rights reserved.
License Information: fengyu.su Microsoft, Microsoft, LIC=Q7GKP-MR91F-LTD3E-5BP81-KMD3I-S0955
 
Tool Versions:
Toolchain:       MDK-ARM Professional  Version: 5.20
Toolchain Path:  C:\Keil_v5\ARM\ARMCC\Bin
C Compiler:      Armcc.exe V5.06 update 2 (build 183)
Assembler:       Armasm.exe V5.06 update 2 (build 183)
Linker/Locator:  ArmLink.exe V5.06 update 2 (build 183)
Library Manager: ArmAr.exe V5.06 update 2 (build 183)
Hex Converter:   FromElf.exe V5.06 update 2 (build 183)
CPU DLL:         SARMCM3.DLL V5.20
Dialog DLL:      DCM.DLL V1.13.7.0
Target DLL:      Segger\JL2CM3.dll V2.99.20.0
Dialog DLL:      TCM.DLL V1.14.9.0
 
<h2>Project:</h2>
D:\二代步兵\2代步兵\RM_FreeRTOS\PROJECT\Infantry2nd_chassis.uvprojx
Project File Date:  10/12/2017

<h2>Output:</h2>
*** Using Compiler 'V5.06 update 2 (build 183)', folder: 'C:\Keil_v5\ARM\ARMCC\Bin'
Build target 'Infantry2nd'
compiling ChassisCtrl_Task.c...
..\USER\FreeRTOSConfig.h(120): warning:  #47-D: incompatible redefinition of macro "configGENERATE_RUN_TIME_STATS" (declared at line 116)
  #define configGENERATE_RUN_TIME_STATS                1
..\TASKS\ChassisCtrl_Task.c: 1 warning, 0 errors
linking...
Program Size: Code=30564 RO-data=700 RW-data=760 ZI-data=33776  
".\Objects\Infantry2nd_chassis.axf" - 0 Error(s), 1 Warning(s).

<h2>Collection of Component include folders:</h2>
  D:\二代步兵\2代步兵\RM_FreeRTOS\PROJECT\RTE
  C:\Keil_v5\ARM\PACK\Keil\STM32F4xx_DFP\1.0.8\Device\Include

<h2>Collection of Component Files used:</h2>
Build Time Elapsed:  00:00:13
</pre>
</body>
</html>
